W_ref i=4 value=100 sse=0.00143941 nfev=6
W_ref i=5 value=110 sse=0.00531136 nfev=10
W_ref i=6 value=120 sse=0.0114528 nfev=12
W_ref i=7 value=130 sse=0.153774 nfev=20
W_ref i=8 value=140 sse=0.336052 nfev=8
W_ref i=3 value=90 sse=0.123811 nfev=20
W_ref i=2 value=80 sse=0.337865 nfev=8
W_ref i=1 value=70 sse=0.359592 nfev=20
W_ref i=0 value=60 sse=0.409702 nfev=20
a_thrust i=4 value=1 sse=0.000784748 nfev=7
a_thrust i=5 value=1.25 sse=0.00105053 nfev=7
a_thrust i=6 value=1.5 sse=0.00506349 nfev=6
a_thrust i=7 value=1.75 sse=0.0119221 nfev=10
a_thrust i=8 value=2 sse=0.017988 nfev=20
a_thrust i=3 value=0.75 sse=0.00346702 nfev=7
a_thrust i=2 value=0.5 sse=0.00715005 nfev=10
a_thrust i=1 value=0.25 sse=0.00952974 nfev=16
a_thrust i=0 value=0 sse=0.083802 nfev=14
k_pi i=7 value=1.3375 sse=0.000467984 nfev=5
k_pi i=8 value=1.5 sse=0.00313745 nfev=10
k_pi i=6 value=1.175 sse=0.00198236 nfev=9
k_pi i=5 value=1.0125 sse=0.00464801 nfev=8
k_pi i=4 value=0.85 sse=0.00729309 nfev=15
k_pi i=3 value=0.6875 sse=0.00944414 nfev=17
k_pi i=2 value=0.525 sse=0.0110065 nfev=20
k_pi i=1 value=0.3625 sse=0.0120375 nfev=20
k_pi i=0 value=0.2 sse=0.00996391 nfev=20
k_mdot i=1 value=0.3625 sse=0.000859317 nfev=6
k_mdot i=2 value=0.525 sse=0.00188775 nfev=9
k_mdot i=3 value=0.6875 sse=0.00650917 nfev=12
k_mdot i=4 value=0.85 sse=0.0105236 nfev=20
k_mdot i=5 value=1.0125 sse=0.0100577 nfev=20
k_mdot i=6 value=1.175 sse=0.456771 nfev=13
k_mdot i=7 value=1.3375 sse=0.676048 nfev=13
k_mdot i=8 value=1.5 sse=0.676048 nfev=14
k_mdot i=0 value=0.2 sse=0.342697 nfev=20
