$ .venv/bin/python scripts/validation/design_point_summary.py --v5  # 2026-09-26T18:46:16-04:00
                                                                                             0                                                                     1                                                                     2
calibration                                                             calibration_v5_A2.json                                                calibration_v5_A2.json                                                calibration_v5_A2.json
mode                                                                                  TAKE-OFF                                                              APPROACH                                                                  IDLE
component_config          turbine=analytic, nozzle=analytic; single-zone equilibrium combustor  turbine=analytic, nozzle=analytic; single-zone equilibrium combustor  turbine=analytic, nozzle=analytic; single-zone equilibrium combustor
target_thrust_kN                                                                         310.9                                                                 93.27                                                                21.763
thrust_kN                                                                                310.9                                                                 93.27                                                                21.763
phi_solved                                                                            0.348832                                                              0.155049                                                              0.106319
eta_b                                                                                 0.999894                                                              0.999834                                                              0.998152
pi_c                                                                                      43.2                                                              9.324097                                                              2.170057
fpr                                                                                       1.45                                                              1.088764                                                              1.012477
mass_flow_core_kg_s                                                                 102.395472                                                              62.23228                                                              34.08851
T3_K                                                                                901.545151                                                            581.950297                                                            370.921115
T4_K                                                                               1718.463182                                                            990.082787                                                            669.057575
T5_K                                                                                983.238531                                                            672.740615                                                              583.0533
p5_bar                                                                                2.557594                                                              1.590485                                                              1.180141
fuel_flow_kg_s                                                                        2.394832                                                              0.646936                                                              0.242994
icao_fuel_flow_kg_s                                                                      2.327                                                                 0.643                                                                 0.244
fuel_flow_rel_err_pct                                                                 2.914979                                                              0.612076                                                             -0.412143
thrust_core_kN                                                                       72.252499                                                             25.588181                                                              7.696093
thrust_bypass_kN                                                                    238.647501                                                             67.681819                                                             14.066907
TSFC_mg_per_Ns                                                                          7.7029                                                               6.93616                                                             11.165481
specific_thrust_Ns_kg                                                               300.620502                                                            148.390087                                                              63.21052
total_air_mass_flow_kg_s                                                           1034.194266                                                             628.54603                                                            344.293956
NOx_corr_g_s                                                                        117.971301                                                              6.363751                                                              0.665744

Saved: /Users/arnavpatil/Documents/JetEngineSimulation/outputs/design_point_summary_v5.csv (AE3 is a calibration-group engine: in-sample)
exit 0
