$ .venv/bin/python scripts/validation/p62_parameter_bands.py  # started 2026-09-26T18:23:39-04:00
draw 0: heldout 1.842 %  T4 1773.083883496083
draw 1: heldout 1.886 %  T4 1803.1891842988018
draw 2: heldout 1.865 %  T4 1789.919527260967
draw 3: heldout 1.913 %  T4 1666.36685006051
draw 4: heldout 1.863 %  T4 1694.9901007814944
draw 5: heldout 1.860 %  T4 1717.3003963966792
draw 6: heldout 1.971 %  T4 1663.0435358646084
draw 7: heldout 1.886 %  T4 1676.1994683617013
draw 8: heldout 1.820 %  T4 1710.9158535710126
draw 9: heldout 1.871 %  T4 1714.6722096600975
draw 10: heldout 1.848 %  T4 1690.1595803653836
draw 11: heldout 1.853 %  T4 1772.3821189919918
draw 12: heldout 1.892 %  T4 1817.2795714404042
draw 13: heldout 1.818 %  T4 1700.4586523684577
draw 14: heldout 1.873 %  T4 1794.2635022789075
draw 15: heldout 1.814 %  T4 1722.4643270028823
draw 16: heldout 1.885 %  T4 1795.325251547753
draw 17: heldout 1.877 %  T4 1673.2667054414944
draw 18: heldout 1.845 %  T4 1758.0572879913786
draw 19: heldout 1.847 %  T4 1764.0509358299041
draw 20: heldout 1.858 %  T4 1646.9768565277482
draw 21: heldout 1.821 %  T4 1735.9743942174664
draw 22: heldout 1.865 %  T4 1783.1401171917514
draw 23: heldout 1.878 %  T4 1670.807928422853
draw 24: heldout 1.851 %  T4 1683.3688687598
draw 25: heldout 1.807 %  T4 1666.455207880685
draw 26: heldout 1.836 %  T4 1759.6549237856925
draw 27: heldout 1.854 %  T4 1747.7063552183477
draw 28: heldout 1.837 %  T4 1746.5717969165075
draw 29: heldout 1.856 %  T4 1789.9166805613156
draw 30: heldout 1.834 %  T4 1747.1071314568844
draw 31: heldout 1.874 %  T4 1796.9570825518063
draw 32: heldout 1.859 %  T4 1760.8923172398688
draw 33: heldout 1.894 %  T4 1690.579482144909
draw 34: heldout 1.837 %  T4 1731.9327192409169
draw 35: heldout 1.901 %  T4 1716.9754054592595
draw 36: heldout 1.950 %  T4 1682.3116857071368
draw 37: heldout 1.848 %  T4 1770.5486659321664
draw 38: heldout 1.837 %  T4 1764.33055454328
draw 39: heldout 1.855 %  T4 1724.5311455385734
draw 40: heldout 1.852 %  T4 1761.069696006531
draw 41: heldout 1.888 %  T4 1709.0419420082048
draw 42: heldout 1.896 %  T4 1777.141296450117
draw 43: heldout 1.848 %  T4 1705.086204264686
draw 44: heldout 1.851 %  T4 1757.2092012862686
draw 45: heldout 1.945 %  T4 1682.028904017812
draw 46: heldout 1.832 %  T4 1702.0347687670182
draw 47: heldout 1.851 %  T4 1781.4515011798312
draw 48: heldout 1.889 %  T4 1781.921590876775
draw 49: heldout 1.851 %  T4 1740.2193064863477
draw 50: heldout 1.881 %  T4 1673.11306639857
draw 51: heldout 1.830 %  T4 1753.1660496111986
draw 52: heldout 1.880 %  T4 1792.4603830368592
draw 53: heldout 1.870 %  T4 1768.8973831277235
draw 54: heldout 1.820 %  T4 1680.3133761218737
draw 55: heldout 1.883 %  T4 1705.457433016056
draw 56: heldout 1.879 %  T4 1793.2688267685508
draw 57: heldout 1.845 %  T4 1774.9785616936965
draw 58: heldout 1.887 %  T4 1786.4944292090836
draw 59: heldout 1.886 %  T4 1727.112298044487
draw 60: heldout 1.849 %  T4 1723.2663343211962
draw 61: heldout 1.851 %  T4 1775.0055966536934
draw 62: heldout 1.849 %  T4 1753.0414561276752
draw 63: heldout 1.863 %  T4 1782.0043254844647
{
  "heldout_mape_pct": {
    "p5": 1.8202865448782164,
    "p95": 1.911288451313337,
    "min": 1.8072758254550965,
    "max": 1.9707201119201532,
    "n": 64
  },
  "dp_ff_kg_s": {
    "p5": 2.3760930881454603,
    "p95": 2.4102421076199354,
    "min": 2.368162402587955,
    "max": 2.4151388688910616,
    "n": 64
  },
  "dp_tsfc_mg_Ns": {
    "p5": 7.642628138132731,
    "p95": 7.752467377356395,
    "min": 7.6171193392986565,
    "max": 7.768217654844206,
    "n": 64
  },
  "dp_T4_K": {
    "p5": 1667.1081159620103,
    "p95": 1795.165989157426,
    "min": 1646.9768565277482,
    "max": 1817.2795714404042,
    "n": 64
  },
  "dp_phi": {
    "p5": 0.3217896152727768,
    "p95": 0.38698651615939755,
    "min": 0.3134855159310555,
    "max": 0.38839721043065106,
    "n": 64
  },
  "dp_m_core_kg_s": {
    "p5": 91.78762837536496,
    "p95": 111.67614450062058,
    "min": 91.50786193444956,
    "max": 114.5090683448226,
    "n": 64
  },
  "fit_W_ref": {
    "p5": 91.78762837536496,
    "p95": 111.67614450062058,
    "min": 91.50786193444956,
    "max": 114.5090683448226,
    "n": 64
  },
  "fit_a_thrust": {
    "p5": 1.1066794670176567,
    "p95": 1.11476519554748,
    "min": 1.10354240237006,
    "max": 1.1188836277123375,
    "n": 64
  },
  "fit_k_pi": {
    "p5": 1.3168544439882466,
    "p95": 1.3546984375513804,
    "min": 1.3059666720863152,
    "max": 1.3668014997426239,
    "n": 64
  },
  "fit_k_mdot": {
    "p5": 0.3948918508282156,
    "p95": 0.45846724182313403,
    "min": 0.3905989577403627,
    "max": 0.4715665638803525,
    "n": 64
  }
}
exit 0 2026-09-26T19:20:21-04:00
