$ .venv/bin/python scripts/optimization/calibrate_lto.py --tag v5 --free W_ref a_thrust k_pi k_mdot  # started 2026-09-26T16:12:33-04:00
{
  "stage": "full",
  "free": [
    "W_ref",
    "a_thrust",
    "k_pi",
    "k_mdot"
  ],
  "params": {
    "W_ref": 127.77886659418962,
    "a_thrust": 1.256340045332093,
    "k_pi": 0.2485310791391428,
    "k_mdot": 1.0479896760913012
  },
  "sse": 0.009845058494145067,
  "calibration_weighted_mape_pct": 6.938548437413419,
  "n_unreachable": 0,
  "jtj_condition_box_scaled": 923329778.1421888
}
exit 0 2026-09-26T16:28:58-04:00
