======================================================================
TURBINE PINN - FUEL-DEPENDENT WITH EXACT CONTINUITY
======================================================================
======================================================================
TURBINE PINN - FUEL-DEPENDENT WITH EXACT CONTINUITY
======================================================================
======================================================================
TURBINE PINN - FUEL-DEPENDENT WITH EXACT CONTINUITY
======================================================================
======================================================================
TURBINE PINN - FUEL-DEPENDENT WITH EXACT CONTINUITY
======================================================================
======================================================================
TURBINE PINN - FUEL-DEPENDENT WITH EXACT CONTINUITY
======================================================================
======================================================================
TURBINE PINN - FUEL-DEPENDENT WITH EXACT CONTINUITY
======================================================================
======================================================================
TURBINE PINN - FUEL-DEPENDENT WITH EXACT CONTINUITY
======================================================================
======================================================================
TURBINE PINN - FUEL-DEPENDENT WITH EXACT CONTINUITY
======================================================================
======================================================================
TURBINE PINN - FUEL-DEPENDENT WITH EXACT CONTINUITY
======================================================================
{
  "stage": "pilot",
  "free": [
    "W_ref",
    "a_thrust",
    "k_pi",
    "k_mdot"
  ],
  "params": {
    "W_ref": 102.39547191158805,
    "a_thrust": 1.109036507149692,
    "k_pi": 1.3482577723216178,
    "k_mdot": 0.41360456851971344
  },
  "sse": 0.0004597062393357735,
  "calibration_weighted_mape_pct": 1.79618561720299,
  "n_unreachable": 0,
  "jtj_condition_box_scaled": 221.54867903437747
}
