$ .venv/bin/python scripts/validation/heat_loss_sensitivity.py --v5  # 2026-09-26T18:50:11-04:00
xi=  0%  Jet-A1     T4= 1718.5 K  thrust= 310.9 kN  TSFC=  7.70  ff=2.3948
xi=  0%  HEFA-SPK   T4= 1718.3 K  thrust= 310.9 kN  TSFC=  7.70  ff=2.3937
xi=  0%  FT-SPK     T4= 1718.2 K  thrust= 310.9 kN  TSFC=  7.69  ff=2.3913
xi=  0%  ATJ-SPK    T4= 1717.6 K  thrust= 310.9 kN  TSFC=  7.68  ff=2.3871
xi=  2%  Jet-A1     T4= 1717.0 K  thrust= 310.9 kN  TSFC=  7.86  ff=2.4447
xi=  2%  HEFA-SPK   T4= 1716.8 K  thrust= 310.9 kN  TSFC=  7.86  ff=2.4435
xi=  2%  FT-SPK     T4= 1716.7 K  thrust= 310.9 kN  TSFC=  7.85  ff=2.4411
xi=  2%  ATJ-SPK    T4= 1716.1 K  thrust= 310.9 kN  TSFC=  7.84  ff=2.4367
xi=  4%  Jet-A1     T4= 1715.4 K  thrust= 310.9 kN  TSFC=  8.03  ff=2.4966
xi=  4%  HEFA-SPK   T4= 1715.3 K  thrust= 310.9 kN  TSFC=  8.03  ff=2.4954
xi=  4%  FT-SPK     T4= 1715.1 K  thrust= 310.9 kN  TSFC=  8.02  ff=2.4929
xi=  4%  ATJ-SPK    T4= 1714.5 K  thrust= 310.9 kN  TSFC=  8.00  ff=2.4885
xi=  6%  Jet-A1     T4= 1713.8 K  thrust= 310.9 kN  TSFC=  8.20  ff=2.5508
xi=  6%  HEFA-SPK   T4= 1713.7 K  thrust= 310.9 kN  TSFC=  8.20  ff=2.5496
xi=  6%  FT-SPK     T4= 1713.5 K  thrust= 310.9 kN  TSFC=  8.19  ff=2.5470
xi=  6%  ATJ-SPK    T4= 1712.9 K  thrust= 310.9 kN  TSFC=  8.18  ff=2.5425

======================================================================
HEAT-LOSS EFFECT vs BLEND SIGNAL (take-off design point)
======================================================================
Blend-to-blend TSFC spread at xi=0:      0.025 mg/(N·s)
xi=4% TSFC shift (Jet-A1):               0.327 mg/(N·s)
xi=4% T4 shift (Jet-A1):                 3.1 K
Heat loss dominates blend signal:        True

Saved: /Users/arnavpatil/Documents/JetEngineSimulation/outputs/heat_loss_sensitivity_v5.csv
       /Users/arnavpatil/Documents/JetEngineSimulation/outputs/plots/heat_loss_sensitivity_v5.png
exit 0
