{
  "eta_b": {
    "TAKE-OFF": {
      "central": 0.999893720535389,
      "range": [
        0.9998795835994783,
        0.9999204797355045
      ]
    },
    "APPROACH": {
      "central": 0.999833722706198,
      "range": [
        0.9997705272367415,
        0.9998773115919212
      ]
    },
    "IDLE": {
      "central": 0.9981516090869106,
      "range": [
        0.997321271422788,
        0.9986822356169313
      ]
    }
  },
  "eta_c_isentropic_range": [
    0.8224908451973029,
    0.8865248769454375
  ],
  "n_eff": 27
}
