Dataset validation passed:
  Resolved path: /Users/arnavpatil/Documents/JetEngineSimulation/data/processed/sajben_wind_dataset.pt
  Inputs shape : torch.Size([4080, 6])
  Targets shape: torch.Size([4080, 9])
  Split        : train=data/raw/cfd_datasets/nasa/transdif01/sajben.cfl (4080 rows), eval=data/raw/data.Mach46.txt (rows in train: 0)
  Attempt      : P4.3-attempt-3-dataonly  (seed 43, epochs 5000, lr 0.001, physics 0.0, data weight 1.0, physics warm-up over first 50 % of epochs)
  Geometry mode: planar (Sajben 2D diffuser)

======================================================================
LE-PINN FINE-TUNING ON CFD DATA
======================================================================
  Dataset : /Users/arnavpatil/Documents/JetEngineSimulation/data/processed/sajben_wind_dataset.pt
  Train/Val: 3264 / 816   Epochs: 5000   LR: 0.001
  Physics weight: 0.0
  Normalisers: fitted on training split
  Init: val loss 4.109e-01; alive ReLU units/layer [400, 400, 400, 400, 400, 400, 400]; output spread ['3.13e-01', '1.26e-01', '4.48e-02', '8.51e-02', '1.06e-01']
======================================================================
Ep    0 | Total 4.118e-01 | Data 4.118e-01 | Physics 0.000e+00 | Val 2.575e-01 | lr=1.0e-03
Ep   50 | Total 4.784e-02 | Data 4.784e-02 | Physics 0.000e+00 | Val 4.648e-02 | lr=1.0e-03
Ep  100 | Total 4.751e-02 | Data 4.751e-02 | Physics 0.000e+00 | Val 4.605e-02 | lr=1.0e-03
Ep  150 | Total 4.758e-02 | Data 4.758e-02 | Physics 0.000e+00 | Val 4.607e-02 | lr=1.0e-03
Ep  200 | Total 4.777e-02 | Data 4.777e-02 | Physics 0.000e+00 | Val 4.636e-02 | lr=1.0e-03
Ep  250 | Total 6.062e-02 | Data 6.062e-02 | Physics 0.000e+00 | Val 6.421e-02 | lr=9.9e-04
Ep  300 | Total 4.732e-02 | Data 4.732e-02 | Physics 0.000e+00 | Val 4.586e-02 | lr=9.9e-04
Ep  350 | Total 5.825e-02 | Data 5.825e-02 | Physics 0.000e+00 | Val 5.279e-02 | lr=9.9e-04
Ep  400 | Total 4.577e-02 | Data 4.577e-02 | Physics 0.000e+00 | Val 4.410e-02 | lr=9.8e-04
Ep  450 | Total 3.727e-02 | Data 3.727e-02 | Physics 0.000e+00 | Val 3.722e-02 | lr=9.8e-04
Ep  500 | Total 3.682e-02 | Data 3.682e-02 | Physics 0.000e+00 | Val 3.687e-02 | lr=9.8e-04
Ep  550 | Total 3.696e-02 | Data 3.696e-02 | Physics 0.000e+00 | Val 3.697e-02 | lr=9.7e-04
Ep  600 | Total 3.666e-02 | Data 3.666e-02 | Physics 0.000e+00 | Val 3.675e-02 | lr=9.7e-04
Ep  650 | Total 4.186e-02 | Data 4.186e-02 | Physics 0.000e+00 | Val 3.937e-02 | lr=9.6e-04
Ep  700 | Total 3.663e-02 | Data 3.663e-02 | Physics 0.000e+00 | Val 3.671e-02 | lr=9.5e-04
Ep  750 | Total 3.667e-02 | Data 3.667e-02 | Physics 0.000e+00 | Val 3.667e-02 | lr=9.5e-04
Ep  800 | Total 3.592e-02 | Data 3.592e-02 | Physics 0.000e+00 | Val 3.596e-02 | lr=9.4e-04
Ep  850 | Total 4.296e-02 | Data 4.296e-02 | Physics 0.000e+00 | Val 4.018e-02 | lr=9.3e-04
Ep  900 | Total 3.717e-02 | Data 3.717e-02 | Physics 0.000e+00 | Val 3.701e-02 | lr=9.2e-04
Ep  950 | Total 3.657e-02 | Data 3.657e-02 | Physics 0.000e+00 | Val 3.667e-02 | lr=9.1e-04
Ep 1000 | Total 3.640e-02 | Data 3.640e-02 | Physics 0.000e+00 | Val 3.653e-02 | lr=9.1e-04
Ep 1050 | Total 4.655e-02 | Data 4.655e-02 | Physics 0.000e+00 | Val 4.324e-02 | lr=9.0e-04
Ep 1100 | Total 7.138e-02 | Data 7.138e-02 | Physics 0.000e+00 | Val 7.870e-02 | lr=8.9e-04
Ep 1150 | Total 3.671e-02 | Data 3.671e-02 | Physics 0.000e+00 | Val 3.681e-02 | lr=8.8e-04
Ep 1200 | Total 2.241e-02 | Data 2.241e-02 | Physics 0.000e+00 | Val 2.236e-02 | lr=8.7e-04
Ep 1250 | Total 1.754e-02 | Data 1.754e-02 | Physics 0.000e+00 | Val 1.529e-02 | lr=8.5e-04
Ep 1300 | Total 9.368e-03 | Data 9.368e-03 | Physics 0.000e+00 | Val 9.106e-03 | lr=8.4e-04
Ep 1350 | Total 9.598e-03 | Data 9.598e-03 | Physics 0.000e+00 | Val 9.813e-03 | lr=8.3e-04
Ep 1400 | Total 8.136e-03 | Data 8.136e-03 | Physics 0.000e+00 | Val 8.097e-03 | lr=8.2e-04
Ep 1450 | Total 7.708e-03 | Data 7.708e-03 | Physics 0.000e+00 | Val 8.358e-03 | lr=8.1e-04
Ep 1500 | Total 6.301e-03 | Data 6.301e-03 | Physics 0.000e+00 | Val 6.427e-03 | lr=8.0e-04
Ep 1550 | Total 5.532e-03 | Data 5.532e-03 | Physics 0.000e+00 | Val 6.006e-03 | lr=7.8e-04
Ep 1600 | Total 5.521e-03 | Data 5.521e-03 | Physics 0.000e+00 | Val 6.012e-03 | lr=7.7e-04
Ep 1650 | Total 5.007e-03 | Data 5.007e-03 | Physics 0.000e+00 | Val 4.814e-03 | lr=7.6e-04
Ep 1700 | Total 4.960e-03 | Data 4.960e-03 | Physics 0.000e+00 | Val 5.262e-03 | lr=7.4e-04
Ep 1750 | Total 4.502e-03 | Data 4.502e-03 | Physics 0.000e+00 | Val 5.204e-03 | lr=7.3e-04
Ep 1800 | Total 4.272e-03 | Data 4.272e-03 | Physics 0.000e+00 | Val 4.241e-03 | lr=7.2e-04
Ep 1850 | Total 5.145e-03 | Data 5.145e-03 | Physics 0.000e+00 | Val 4.826e-03 | lr=7.0e-04
Ep 1900 | Total 4.077e-03 | Data 4.077e-03 | Physics 0.000e+00 | Val 4.306e-03 | lr=6.9e-04
Ep 1950 | Total 3.414e-03 | Data 3.414e-03 | Physics 0.000e+00 | Val 3.414e-03 | lr=6.7e-04
Ep 2000 | Total 3.149e-03 | Data 3.149e-03 | Physics 0.000e+00 | Val 3.338e-03 | lr=6.6e-04
Ep 2050 | Total 3.398e-03 | Data 3.398e-03 | Physics 0.000e+00 | Val 3.913e-03 | lr=6.4e-04
Ep 2100 | Total 3.532e-03 | Data 3.532e-03 | Physics 0.000e+00 | Val 3.832e-03 | lr=6.3e-04
Ep 2150 | Total 2.729e-03 | Data 2.729e-03 | Physics 0.000e+00 | Val 3.057e-03 | lr=6.1e-04
Ep 2200 | Total 2.979e-03 | Data 2.979e-03 | Physics 0.000e+00 | Val 2.935e-03 | lr=6.0e-04
Ep 2250 | Total 3.061e-03 | Data 3.061e-03 | Physics 0.000e+00 | Val 3.454e-03 | lr=5.8e-04
Ep 2300 | Total 2.550e-03 | Data 2.550e-03 | Physics 0.000e+00 | Val 2.946e-03 | lr=5.7e-04
Ep 2350 | Total 2.635e-03 | Data 2.635e-03 | Physics 0.000e+00 | Val 2.999e-03 | lr=5.5e-04
Ep 2400 | Total 2.687e-03 | Data 2.687e-03 | Physics 0.000e+00 | Val 2.835e-03 | lr=5.4e-04
Ep 2450 | Total 2.490e-03 | Data 2.490e-03 | Physics 0.000e+00 | Val 2.715e-03 | lr=5.2e-04
Ep 2500 | Total 2.398e-03 | Data 2.398e-03 | Physics 0.000e+00 | Val 2.589e-03 | lr=5.0e-04
Ep 2550 | Total 2.300e-03 | Data 2.300e-03 | Physics 0.000e+00 | Val 2.410e-03 | lr=4.9e-04
Ep 2600 | Total 2.492e-03 | Data 2.492e-03 | Physics 0.000e+00 | Val 2.581e-03 | lr=4.7e-04
Ep 2650 | Total 2.191e-03 | Data 2.191e-03 | Physics 0.000e+00 | Val 2.334e-03 | lr=4.6e-04
Ep 2700 | Total 2.295e-03 | Data 2.295e-03 | Physics 0.000e+00 | Val 2.573e-03 | lr=4.4e-04
Ep 2750 | Total 2.193e-03 | Data 2.193e-03 | Physics 0.000e+00 | Val 2.296e-03 | lr=4.3e-04
Ep 2800 | Total 2.137e-03 | Data 2.137e-03 | Physics 0.000e+00 | Val 2.341e-03 | lr=4.1e-04
Ep 2850 | Total 2.277e-03 | Data 2.277e-03 | Physics 0.000e+00 | Val 2.429e-03 | lr=4.0e-04
Ep 2900 | Total 2.033e-03 | Data 2.033e-03 | Physics 0.000e+00 | Val 2.154e-03 | lr=3.8e-04
Ep 2950 | Total 1.947e-03 | Data 1.947e-03 | Physics 0.000e+00 | Val 2.096e-03 | lr=3.7e-04
Ep 3000 | Total 1.991e-03 | Data 1.991e-03 | Physics 0.000e+00 | Val 2.082e-03 | lr=3.5e-04
Ep 3050 | Total 1.925e-03 | Data 1.925e-03 | Physics 0.000e+00 | Val 2.011e-03 | lr=3.4e-04
Ep 3100 | Total 1.822e-03 | Data 1.822e-03 | Physics 0.000e+00 | Val 1.950e-03 | lr=3.2e-04
Ep 3150 | Total 1.787e-03 | Data 1.787e-03 | Physics 0.000e+00 | Val 1.923e-03 | lr=3.1e-04
Ep 3200 | Total 1.811e-03 | Data 1.811e-03 | Physics 0.000e+00 | Val 1.914e-03 | lr=2.9e-04
Ep 3250 | Total 1.800e-03 | Data 1.800e-03 | Physics 0.000e+00 | Val 1.885e-03 | lr=2.8e-04
Ep 3300 | Total 1.643e-03 | Data 1.643e-03 | Physics 0.000e+00 | Val 1.846e-03 | lr=2.7e-04
Ep 3350 | Total 1.618e-03 | Data 1.618e-03 | Physics 0.000e+00 | Val 1.790e-03 | lr=2.5e-04
Ep 3400 | Total 1.649e-03 | Data 1.649e-03 | Physics 0.000e+00 | Val 1.890e-03 | lr=2.4e-04
Ep 3450 | Total 1.572e-03 | Data 1.572e-03 | Physics 0.000e+00 | Val 1.716e-03 | lr=2.3e-04
Ep 3500 | Total 1.528e-03 | Data 1.528e-03 | Physics 0.000e+00 | Val 1.672e-03 | lr=2.1e-04
Ep 3550 | Total 1.512e-03 | Data 1.512e-03 | Physics 0.000e+00 | Val 1.677e-03 | lr=2.0e-04
Ep 3600 | Total 1.474e-03 | Data 1.474e-03 | Physics 0.000e+00 | Val 1.632e-03 | lr=1.9e-04
Ep 3650 | Total 1.454e-03 | Data 1.454e-03 | Physics 0.000e+00 | Val 1.603e-03 | lr=1.8e-04
Ep 3700 | Total 1.435e-03 | Data 1.435e-03 | Physics 0.000e+00 | Val 1.590e-03 | lr=1.7e-04
Ep 3750 | Total 1.415e-03 | Data 1.415e-03 | Physics 0.000e+00 | Val 1.557e-03 | lr=1.5e-04
Ep 3800 | Total 1.399e-03 | Data 1.399e-03 | Physics 0.000e+00 | Val 1.541e-03 | lr=1.4e-04
Ep 3850 | Total 1.384e-03 | Data 1.384e-03 | Physics 0.000e+00 | Val 1.524e-03 | lr=1.3e-04
Ep 3900 | Total 1.371e-03 | Data 1.371e-03 | Physics 0.000e+00 | Val 1.509e-03 | lr=1.2e-04
Ep 3950 | Total 1.359e-03 | Data 1.359e-03 | Physics 0.000e+00 | Val 1.495e-03 | lr=1.1e-04
Ep 4000 | Total 1.347e-03 | Data 1.347e-03 | Physics 0.000e+00 | Val 1.482e-03 | lr=1.0e-04
Ep 4050 | Total 1.337e-03 | Data 1.337e-03 | Physics 0.000e+00 | Val 1.470e-03 | lr=9.5e-05
Ep 4100 | Total 1.328e-03 | Data 1.328e-03 | Physics 0.000e+00 | Val 1.458e-03 | lr=8.7e-05
Ep 4150 | Total 1.319e-03 | Data 1.319e-03 | Physics 0.000e+00 | Val 1.448e-03 | lr=7.9e-05
Ep 4200 | Total 1.311e-03 | Data 1.311e-03 | Physics 0.000e+00 | Val 1.438e-03 | lr=7.1e-05
Ep 4250 | Total 1.304e-03 | Data 1.304e-03 | Physics 0.000e+00 | Val 1.430e-03 | lr=6.4e-05
Ep 4300 | Total 1.298e-03 | Data 1.298e-03 | Physics 0.000e+00 | Val 1.422e-03 | lr=5.7e-05
Ep 4350 | Total 1.292e-03 | Data 1.292e-03 | Physics 0.000e+00 | Val 1.415e-03 | lr=5.1e-05
Ep 4400 | Total 1.287e-03 | Data 1.287e-03 | Physics 0.000e+00 | Val 1.409e-03 | lr=4.5e-05
Ep 4450 | Total 1.282e-03 | Data 1.282e-03 | Physics 0.000e+00 | Val 1.403e-03 | lr=3.9e-05
Ep 4500 | Total 1.278e-03 | Data 1.278e-03 | Physics 0.000e+00 | Val 1.398e-03 | lr=3.4e-05
Ep 4550 | Total 1.275e-03 | Data 1.275e-03 | Physics 0.000e+00 | Val 1.393e-03 | lr=3.0e-05
Ep 4600 | Total 1.271e-03 | Data 1.271e-03 | Physics 0.000e+00 | Val 1.390e-03 | lr=2.5e-05
Ep 4650 | Total 1.269e-03 | Data 1.269e-03 | Physics 0.000e+00 | Val 1.386e-03 | lr=2.2e-05
Ep 4700 | Total 1.266e-03 | Data 1.266e-03 | Physics 0.000e+00 | Val 1.383e-03 | lr=1.9e-05
Ep 4750 | Total 1.264e-03 | Data 1.264e-03 | Physics 0.000e+00 | Val 1.381e-03 | lr=1.6e-05
Ep 4800 | Total 1.262e-03 | Data 1.262e-03 | Physics 0.000e+00 | Val 1.378e-03 | lr=1.4e-05
Ep 4850 | Total 1.261e-03 | Data 1.261e-03 | Physics 0.000e+00 | Val 1.376e-03 | lr=1.2e-05
Ep 4900 | Total 1.259e-03 | Data 1.259e-03 | Physics 0.000e+00 | Val 1.374e-03 | lr=1.1e-05
Ep 4950 | Total 1.258e-03 | Data 1.258e-03 | Physics 0.000e+00 | Val 1.373e-03 | lr=1.0e-05
Ep 4999 | Total 1.256e-03 | Data 1.256e-03 | Physics 0.000e+00 | Val 1.371e-03 | lr=1.0e-05
  Restored best weights: epoch 4999 (val 1.371e-03; init 4.109e-01); alive units/layer [400, 400, 400, 400, 400, 400, 400]

Fine-tuned checkpoint saved: /Users/arnavpatil/Documents/JetEngineSimulation/models/le_pinn_sajben_v5_a3_dataonly_s43.pt
======================================================================

Epochs run: 5000  final data loss 1.256e-03  best val 1.371e-03  min alive units 400
Next: python scripts/validation/sajben_validation.py --model /Users/arnavpatil/Documents/JetEngineSimulation/models/le_pinn_sajben_v5_a3_dataonly_s43.pt
exit=0
