Dataset validation passed:
  Resolved path: /Users/arnavpatil/Documents/JetEngineSimulation/data/processed/sajben_wind_dataset.pt
  Inputs shape : torch.Size([4080, 6])
  Targets shape: torch.Size([4080, 9])
  Split        : train=data/raw/cfd_datasets/nasa/transdif01/sajben.cfl (4080 rows), eval=data/raw/data.Mach46.txt (rows in train: 0)
  Attempt      : P4.3-attempt-3-dataonly  (seed 44, epochs 5000, lr 0.001, physics 0.0, data weight 1.0, physics warm-up over first 50 % of epochs)
  Geometry mode: planar (Sajben 2D diffuser)

======================================================================
LE-PINN FINE-TUNING ON CFD DATA
======================================================================
  Dataset : /Users/arnavpatil/Documents/JetEngineSimulation/data/processed/sajben_wind_dataset.pt
  Train/Val: 3264 / 816   Epochs: 5000   LR: 0.001
  Physics weight: 0.0
  Normalisers: fitted on training split
  Init: val loss 4.308e-01; alive ReLU units/layer [400, 400, 400, 400, 400, 400, 400]; output spread ['3.51e-02', '7.40e-02', '1.32e-01', '1.50e-01', '1.01e-01']
======================================================================
Ep    0 | Total 4.291e-01 | Data 4.291e-01 | Physics 0.000e+00 | Val 2.958e-01 | lr=1.0e-03
Ep   50 | Total 4.778e-02 | Data 4.778e-02 | Physics 0.000e+00 | Val 4.883e-02 | lr=1.0e-03
Ep  100 | Total 4.701e-02 | Data 4.701e-02 | Physics 0.000e+00 | Val 4.805e-02 | lr=1.0e-03
Ep  150 | Total 4.724e-02 | Data 4.724e-02 | Physics 0.000e+00 | Val 4.836e-02 | lr=1.0e-03
Ep  200 | Total 4.961e-02 | Data 4.961e-02 | Physics 0.000e+00 | Val 5.150e-02 | lr=1.0e-03
Ep  250 | Total 4.647e-02 | Data 4.647e-02 | Physics 0.000e+00 | Val 4.749e-02 | lr=9.9e-04
Ep  300 | Total 4.145e-02 | Data 4.145e-02 | Physics 0.000e+00 | Val 4.186e-02 | lr=9.9e-04
Ep  350 | Total 5.137e-02 | Data 5.137e-02 | Physics 0.000e+00 | Val 4.943e-02 | lr=9.9e-04
Ep  400 | Total 3.677e-02 | Data 3.677e-02 | Physics 0.000e+00 | Val 3.742e-02 | lr=9.8e-04
Ep  450 | Total 2.672e-02 | Data 2.672e-02 | Physics 0.000e+00 | Val 2.753e-02 | lr=9.8e-04
Ep  500 | Total 2.086e-02 | Data 2.086e-02 | Physics 0.000e+00 | Val 2.135e-02 | lr=9.8e-04
Ep  550 | Total 1.931e-02 | Data 1.931e-02 | Physics 0.000e+00 | Val 2.134e-02 | lr=9.7e-04
Ep  600 | Total 5.904e-02 | Data 5.904e-02 | Physics 0.000e+00 | Val 9.870e-02 | lr=9.7e-04
Ep  650 | Total 1.923e-02 | Data 1.923e-02 | Physics 0.000e+00 | Val 2.354e-02 | lr=9.6e-04
Ep  700 | Total 9.472e-03 | Data 9.472e-03 | Physics 0.000e+00 | Val 9.914e-03 | lr=9.5e-04
Ep  750 | Total 1.344e-02 | Data 1.344e-02 | Physics 0.000e+00 | Val 1.451e-02 | lr=9.5e-04
Ep  800 | Total 7.633e-03 | Data 7.633e-03 | Physics 0.000e+00 | Val 7.962e-03 | lr=9.4e-04
Ep  850 | Total 8.806e-03 | Data 8.806e-03 | Physics 0.000e+00 | Val 1.176e-02 | lr=9.3e-04
Ep  900 | Total 7.894e-03 | Data 7.894e-03 | Physics 0.000e+00 | Val 8.129e-03 | lr=9.2e-04
Ep  950 | Total 7.097e-03 | Data 7.097e-03 | Physics 0.000e+00 | Val 7.414e-03 | lr=9.1e-04
Ep 1000 | Total 7.056e-03 | Data 7.056e-03 | Physics 0.000e+00 | Val 6.589e-03 | lr=9.1e-04
Ep 1050 | Total 8.875e-03 | Data 8.875e-03 | Physics 0.000e+00 | Val 1.287e-02 | lr=9.0e-04
Ep 1100 | Total 4.913e-03 | Data 4.913e-03 | Physics 0.000e+00 | Val 5.611e-03 | lr=8.9e-04
Ep 1150 | Total 6.359e-03 | Data 6.359e-03 | Physics 0.000e+00 | Val 6.741e-03 | lr=8.8e-04
Ep 1200 | Total 5.107e-03 | Data 5.107e-03 | Physics 0.000e+00 | Val 5.377e-03 | lr=8.7e-04
Ep 1250 | Total 6.854e-03 | Data 6.854e-03 | Physics 0.000e+00 | Val 6.854e-03 | lr=8.5e-04
Ep 1300 | Total 4.516e-03 | Data 4.516e-03 | Physics 0.000e+00 | Val 4.900e-03 | lr=8.4e-04
Ep 1350 | Total 4.594e-03 | Data 4.594e-03 | Physics 0.000e+00 | Val 5.302e-03 | lr=8.3e-04
Ep 1400 | Total 4.105e-03 | Data 4.105e-03 | Physics 0.000e+00 | Val 4.704e-03 | lr=8.2e-04
Ep 1450 | Total 5.291e-03 | Data 5.291e-03 | Physics 0.000e+00 | Val 5.677e-03 | lr=8.1e-04
Ep 1500 | Total 6.095e-03 | Data 6.095e-03 | Physics 0.000e+00 | Val 8.481e-03 | lr=8.0e-04
Ep 1550 | Total 4.236e-03 | Data 4.236e-03 | Physics 0.000e+00 | Val 4.801e-03 | lr=7.8e-04
Ep 1600 | Total 5.393e-03 | Data 5.393e-03 | Physics 0.000e+00 | Val 5.704e-03 | lr=7.7e-04
Ep 1650 | Total 3.816e-03 | Data 3.816e-03 | Physics 0.000e+00 | Val 4.271e-03 | lr=7.6e-04
Ep 1700 | Total 4.505e-03 | Data 4.505e-03 | Physics 0.000e+00 | Val 6.952e-03 | lr=7.4e-04
Ep 1750 | Total 3.396e-03 | Data 3.396e-03 | Physics 0.000e+00 | Val 4.165e-03 | lr=7.3e-04
Ep 1800 | Total 4.238e-03 | Data 4.238e-03 | Physics 0.000e+00 | Val 5.142e-03 | lr=7.2e-04
Ep 1850 | Total 3.744e-03 | Data 3.744e-03 | Physics 0.000e+00 | Val 4.140e-03 | lr=7.0e-04
Ep 1900 | Total 3.471e-03 | Data 3.471e-03 | Physics 0.000e+00 | Val 3.605e-03 | lr=6.9e-04
Ep 1950 | Total 3.144e-03 | Data 3.144e-03 | Physics 0.000e+00 | Val 4.256e-03 | lr=6.7e-04
Ep 2000 | Total 3.671e-03 | Data 3.671e-03 | Physics 0.000e+00 | Val 4.584e-03 | lr=6.6e-04
Ep 2050 | Total 3.373e-03 | Data 3.373e-03 | Physics 0.000e+00 | Val 3.486e-03 | lr=6.4e-04
Ep 2100 | Total 4.382e-03 | Data 4.382e-03 | Physics 0.000e+00 | Val 5.395e-03 | lr=6.3e-04
Ep 2150 | Total 4.544e-03 | Data 4.544e-03 | Physics 0.000e+00 | Val 4.067e-03 | lr=6.1e-04
Ep 2200 | Total 3.585e-03 | Data 3.585e-03 | Physics 0.000e+00 | Val 3.896e-03 | lr=6.0e-04
Ep 2250 | Total 2.801e-03 | Data 2.801e-03 | Physics 0.000e+00 | Val 3.117e-03 | lr=5.8e-04
Ep 2300 | Total 2.727e-03 | Data 2.727e-03 | Physics 0.000e+00 | Val 3.167e-03 | lr=5.7e-04
Ep 2350 | Total 2.717e-03 | Data 2.717e-03 | Physics 0.000e+00 | Val 3.091e-03 | lr=5.5e-04
Ep 2400 | Total 2.984e-03 | Data 2.984e-03 | Physics 0.000e+00 | Val 3.125e-03 | lr=5.4e-04
Ep 2450 | Total 3.009e-03 | Data 3.009e-03 | Physics 0.000e+00 | Val 3.382e-03 | lr=5.2e-04
Ep 2500 | Total 2.648e-03 | Data 2.648e-03 | Physics 0.000e+00 | Val 2.837e-03 | lr=5.0e-04
Ep 2550 | Total 2.916e-03 | Data 2.916e-03 | Physics 0.000e+00 | Val 2.565e-03 | lr=4.9e-04
Ep 2600 | Total 2.835e-03 | Data 2.835e-03 | Physics 0.000e+00 | Val 4.218e-03 | lr=4.7e-04
Ep 2650 | Total 2.503e-03 | Data 2.503e-03 | Physics 0.000e+00 | Val 2.810e-03 | lr=4.6e-04
Ep 2700 | Total 2.951e-03 | Data 2.951e-03 | Physics 0.000e+00 | Val 4.717e-03 | lr=4.4e-04
Ep 2750 | Total 2.711e-03 | Data 2.711e-03 | Physics 0.000e+00 | Val 3.745e-03 | lr=4.3e-04
Ep 2800 | Total 2.128e-03 | Data 2.128e-03 | Physics 0.000e+00 | Val 2.793e-03 | lr=4.1e-04
Ep 2850 | Total 2.378e-03 | Data 2.378e-03 | Physics 0.000e+00 | Val 2.574e-03 | lr=4.0e-04
Ep 2900 | Total 2.209e-03 | Data 2.209e-03 | Physics 0.000e+00 | Val 2.315e-03 | lr=3.8e-04
Ep 2950 | Total 5.405e-03 | Data 5.405e-03 | Physics 0.000e+00 | Val 4.156e-03 | lr=3.7e-04
Ep 3000 | Total 2.262e-03 | Data 2.262e-03 | Physics 0.000e+00 | Val 2.420e-03 | lr=3.5e-04
Ep 3050 | Total 2.204e-03 | Data 2.204e-03 | Physics 0.000e+00 | Val 2.859e-03 | lr=3.4e-04
Ep 3100 | Total 2.391e-03 | Data 2.391e-03 | Physics 0.000e+00 | Val 3.081e-03 | lr=3.2e-04
Ep 3150 | Total 2.076e-03 | Data 2.076e-03 | Physics 0.000e+00 | Val 2.318e-03 | lr=3.1e-04
Ep 3200 | Total 1.938e-03 | Data 1.938e-03 | Physics 0.000e+00 | Val 2.411e-03 | lr=2.9e-04
Ep 3250 | Total 2.323e-03 | Data 2.323e-03 | Physics 0.000e+00 | Val 2.837e-03 | lr=2.8e-04
Ep 3300 | Total 1.897e-03 | Data 1.897e-03 | Physics 0.000e+00 | Val 2.098e-03 | lr=2.7e-04
Ep 3350 | Total 1.878e-03 | Data 1.878e-03 | Physics 0.000e+00 | Val 2.109e-03 | lr=2.5e-04
Ep 3400 | Total 1.778e-03 | Data 1.778e-03 | Physics 0.000e+00 | Val 2.045e-03 | lr=2.4e-04
Ep 3450 | Total 1.754e-03 | Data 1.754e-03 | Physics 0.000e+00 | Val 1.990e-03 | lr=2.3e-04
Ep 3500 | Total 1.770e-03 | Data 1.770e-03 | Physics 0.000e+00 | Val 1.946e-03 | lr=2.1e-04
Ep 3550 | Total 1.686e-03 | Data 1.686e-03 | Physics 0.000e+00 | Val 1.983e-03 | lr=2.0e-04
Ep 3600 | Total 1.670e-03 | Data 1.670e-03 | Physics 0.000e+00 | Val 1.898e-03 | lr=1.9e-04
Ep 3650 | Total 1.638e-03 | Data 1.638e-03 | Physics 0.000e+00 | Val 1.899e-03 | lr=1.8e-04
Ep 3700 | Total 1.619e-03 | Data 1.619e-03 | Physics 0.000e+00 | Val 1.884e-03 | lr=1.7e-04
Ep 3750 | Total 1.601e-03 | Data 1.601e-03 | Physics 0.000e+00 | Val 1.869e-03 | lr=1.5e-04
Ep 3800 | Total 1.585e-03 | Data 1.585e-03 | Physics 0.000e+00 | Val 1.854e-03 | lr=1.4e-04
Ep 3850 | Total 1.570e-03 | Data 1.570e-03 | Physics 0.000e+00 | Val 1.839e-03 | lr=1.3e-04
Ep 3900 | Total 1.556e-03 | Data 1.556e-03 | Physics 0.000e+00 | Val 1.825e-03 | lr=1.2e-04
Ep 3950 | Total 1.544e-03 | Data 1.544e-03 | Physics 0.000e+00 | Val 1.813e-03 | lr=1.1e-04
Ep 4000 | Total 1.532e-03 | Data 1.532e-03 | Physics 0.000e+00 | Val 1.801e-03 | lr=1.0e-04
Ep 4050 | Total 1.522e-03 | Data 1.522e-03 | Physics 0.000e+00 | Val 1.790e-03 | lr=9.5e-05
Ep 4100 | Total 1.512e-03 | Data 1.512e-03 | Physics 0.000e+00 | Val 1.780e-03 | lr=8.7e-05
Ep 4150 | Total 1.503e-03 | Data 1.503e-03 | Physics 0.000e+00 | Val 1.771e-03 | lr=7.9e-05
Ep 4200 | Total 1.495e-03 | Data 1.495e-03 | Physics 0.000e+00 | Val 1.763e-03 | lr=7.1e-05
Ep 4250 | Total 1.487e-03 | Data 1.487e-03 | Physics 0.000e+00 | Val 1.755e-03 | lr=6.4e-05
Ep 4300 | Total 1.481e-03 | Data 1.481e-03 | Physics 0.000e+00 | Val 1.748e-03 | lr=5.7e-05
Ep 4350 | Total 1.474e-03 | Data 1.474e-03 | Physics 0.000e+00 | Val 1.742e-03 | lr=5.1e-05
Ep 4400 | Total 1.469e-03 | Data 1.469e-03 | Physics 0.000e+00 | Val 1.736e-03 | lr=4.5e-05
Ep 4450 | Total 1.464e-03 | Data 1.464e-03 | Physics 0.000e+00 | Val 1.731e-03 | lr=3.9e-05
Ep 4500 | Total 1.460e-03 | Data 1.460e-03 | Physics 0.000e+00 | Val 1.727e-03 | lr=3.4e-05
Ep 4550 | Total 1.456e-03 | Data 1.456e-03 | Physics 0.000e+00 | Val 1.723e-03 | lr=3.0e-05
Ep 4600 | Total 1.452e-03 | Data 1.452e-03 | Physics 0.000e+00 | Val 1.719e-03 | lr=2.5e-05
Ep 4650 | Total 1.449e-03 | Data 1.449e-03 | Physics 0.000e+00 | Val 1.716e-03 | lr=2.2e-05
Ep 4700 | Total 1.447e-03 | Data 1.447e-03 | Physics 0.000e+00 | Val 1.713e-03 | lr=1.9e-05
Ep 4750 | Total 1.445e-03 | Data 1.445e-03 | Physics 0.000e+00 | Val 1.711e-03 | lr=1.6e-05
Ep 4800 | Total 1.443e-03 | Data 1.443e-03 | Physics 0.000e+00 | Val 1.709e-03 | lr=1.4e-05
Ep 4850 | Total 1.441e-03 | Data 1.441e-03 | Physics 0.000e+00 | Val 1.707e-03 | lr=1.2e-05
Ep 4900 | Total 1.439e-03 | Data 1.439e-03 | Physics 0.000e+00 | Val 1.705e-03 | lr=1.1e-05
Ep 4950 | Total 1.438e-03 | Data 1.438e-03 | Physics 0.000e+00 | Val 1.704e-03 | lr=1.0e-05
Ep 4999 | Total 1.436e-03 | Data 1.436e-03 | Physics 0.000e+00 | Val 1.702e-03 | lr=1.0e-05
  Restored best weights: epoch 4999 (val 1.702e-03; init 4.308e-01); alive units/layer [400, 400, 400, 400, 400, 400, 400]

Fine-tuned checkpoint saved: /Users/arnavpatil/Documents/JetEngineSimulation/models/le_pinn_sajben_v5_a3_dataonly_s44.pt
======================================================================

Epochs run: 5000  final data loss 1.436e-03  best val 1.702e-03  min alive units 400
Next: python scripts/validation/sajben_validation.py --model /Users/arnavpatil/Documents/JetEngineSimulation/models/le_pinn_sajben_v5_a3_dataonly_s44.pt
exit=0
