Dataset validation passed:
  Resolved path: /Users/arnavpatil/Documents/JetEngineSimulation/data/processed/sajben_wind_dataset.pt
  Inputs shape : torch.Size([4080, 6])
  Targets shape: torch.Size([4080, 9])
  Split        : train=data/raw/cfd_datasets/nasa/transdif01/sajben.cfl (4080 rows), eval=data/raw/data.Mach46.txt (rows in train: 0)
  Attempt      : P4.3-attempt-2  (seed 42, epochs 5000, lr 0.001, physics 0.05, data weight 1.0, physics warm-up over first 50 % of epochs)
  Geometry mode: planar (Sajben 2D diffuser)

======================================================================
LE-PINN FINE-TUNING ON CFD DATA
======================================================================
  Dataset : /Users/arnavpatil/Documents/JetEngineSimulation/data/processed/sajben_wind_dataset.pt
  Train/Val: 3264 / 816   Epochs: 5000   LR: 0.001
  Physics weight: 0.05
  Normalisers: fitted on training split
  Init: val loss 4.298e-01; alive ReLU units/layer [303, 282, 282, 281, 261, 274, 282]; output spread ['1.56e-02', '2.83e-03', '1.42e-02', '6.23e-03', '6.08e-03']
======================================================================
Ep    0 | Total 4.319e-01 | Data 4.319e-01 | Physics 1.632e+07 | Val 3.850e-01 | lr=1.0e-03
Ep   50 | Total 5.025e-02 | Data 4.745e-02 | Physics 2.808e+00 | Val 4.583e-02 | lr=1.0e-03
Ep  100 | Total 2.423e-02 | Data 2.090e-02 | Physics 1.667e+00 | Val 1.998e-02 | lr=1.0e-03
Ep  150 | Total 1.644e-02 | Data 1.249e-02 | Physics 1.317e+00 | Val 1.328e-02 | lr=1.0e-03
Ep  200 | Total 1.662e-02 | Data 1.203e-02 | Physics 1.149e+00 | Val 1.283e-02 | lr=1.0e-03
Ep  250 | Total 2.345e-02 | Data 1.915e-02 | Physics 8.599e-01 | Val 1.411e-02 | lr=9.9e-04
Ep  300 | Total 1.543e-02 | Data 1.219e-02 | Physics 5.411e-01 | Val 1.205e-02 | lr=9.9e-04
Ep  350 | Total 1.682e-02 | Data 1.119e-02 | Physics 8.041e-01 | Val 1.240e-02 | lr=9.9e-04
Ep  400 | Total 1.605e-02 | Data 1.228e-02 | Physics 4.710e-01 | Val 1.250e-02 | lr=9.8e-04
Ep  450 | Total 1.627e-02 | Data 1.262e-02 | Physics 4.057e-01 | Val 1.369e-02 | lr=9.8e-04
Ep  500 | Total 2.025e-02 | Data 1.294e-02 | Physics 7.317e-01 | Val 1.387e-02 | lr=9.8e-04
Ep  550 | Total 1.835e-02 | Data 1.235e-02 | Physics 5.453e-01 | Val 1.305e-02 | lr=9.7e-04
Ep  600 | Total 1.634e-02 | Data 1.235e-02 | Physics 3.325e-01 | Val 1.234e-02 | lr=9.7e-04
Ep  650 | Total 1.917e-02 | Data 1.370e-02 | Physics 4.205e-01 | Val 1.338e-02 | lr=9.6e-04
Ep  700 | Total 1.672e-02 | Data 1.270e-02 | Physics 2.867e-01 | Val 1.311e-02 | lr=9.5e-04
Ep  750 | Total 2.059e-02 | Data 1.488e-02 | Physics 3.801e-01 | Val 1.409e-02 | lr=9.5e-04
Ep  800 | Total 2.019e-02 | Data 1.348e-02 | Physics 4.195e-01 | Val 1.364e-02 | lr=9.4e-04
Ep  850 | Total 1.840e-02 | Data 1.292e-02 | Physics 3.221e-01 | Val 1.322e-02 | lr=9.3e-04
Ep  900 | Total 2.079e-02 | Data 1.490e-02 | Physics 3.275e-01 | Val 1.410e-02 | lr=9.2e-04
Ep  950 | Total 1.908e-02 | Data 1.440e-02 | Physics 2.467e-01 | Val 1.476e-02 | lr=9.1e-04
Ep 1000 | Total 1.810e-02 | Data 1.379e-02 | Physics 2.153e-01 | Val 1.386e-02 | lr=9.1e-04
Ep 1050 | Total 2.001e-02 | Data 1.488e-02 | Physics 2.440e-01 | Val 1.493e-02 | lr=9.0e-04
Ep 1100 | Total 2.689e-02 | Data 1.681e-02 | Physics 4.582e-01 | Val 1.837e-02 | lr=8.9e-04
Ep 1150 | Total 2.170e-02 | Data 1.707e-02 | Physics 2.015e-01 | Val 1.726e-02 | lr=8.8e-04
Ep 1200 | Total 1.967e-02 | Data 1.587e-02 | Physics 1.584e-01 | Val 1.614e-02 | lr=8.7e-04
Ep 1250 | Total 1.862e-02 | Data 1.419e-02 | Physics 1.770e-01 | Val 1.442e-02 | lr=8.5e-04
Ep 1300 | Total 1.944e-02 | Data 1.460e-02 | Physics 1.861e-01 | Val 1.486e-02 | lr=8.4e-04
Ep 1350 | Total 2.012e-02 | Data 1.458e-02 | Physics 2.051e-01 | Val 1.471e-02 | lr=8.3e-04
Ep 1400 | Total 2.068e-02 | Data 1.478e-02 | Physics 2.108e-01 | Val 1.508e-02 | lr=8.2e-04
Ep 1450 | Total 1.958e-02 | Data 1.544e-02 | Physics 1.426e-01 | Val 1.500e-02 | lr=8.1e-04
Ep 1500 | Total 2.079e-02 | Data 1.548e-02 | Physics 1.770e-01 | Val 1.568e-02 | lr=8.0e-04
Ep 1550 | Total 2.107e-02 | Data 1.501e-02 | Physics 1.954e-01 | Val 1.594e-02 | lr=7.8e-04
Ep 1600 | Total 2.011e-02 | Data 1.526e-02 | Physics 1.517e-01 | Val 1.561e-02 | lr=7.7e-04
Ep 1650 | Total 2.060e-02 | Data 1.555e-02 | Physics 1.529e-01 | Val 1.560e-02 | lr=7.6e-04
Ep 1700 | Total 2.476e-02 | Data 1.946e-02 | Physics 1.561e-01 | Val 1.997e-02 | lr=7.4e-04
Ep 1750 | Total 2.304e-02 | Data 1.702e-02 | Physics 1.721e-01 | Val 1.769e-02 | lr=7.3e-04
Ep 1800 | Total 2.542e-02 | Data 1.670e-02 | Physics 2.424e-01 | Val 1.770e-02 | lr=7.2e-04
Ep 1850 | Total 2.316e-02 | Data 1.790e-02 | Physics 1.423e-01 | Val 1.818e-02 | lr=7.0e-04
Ep 1900 | Total 2.250e-02 | Data 1.702e-02 | Physics 1.443e-01 | Val 1.730e-02 | lr=6.9e-04
Ep 1950 | Total 2.098e-02 | Data 1.629e-02 | Physics 1.202e-01 | Val 1.616e-02 | lr=6.7e-04
Ep 2000 | Total 2.433e-02 | Data 1.641e-02 | Physics 1.981e-01 | Val 1.692e-02 | lr=6.6e-04
Ep 2050 | Total 2.220e-02 | Data 1.645e-02 | Physics 1.403e-01 | Val 1.665e-02 | lr=6.4e-04
Ep 2100 | Total 2.094e-02 | Data 1.585e-02 | Physics 1.210e-01 | Val 1.580e-02 | lr=6.3e-04
Ep 2150 | Total 2.356e-02 | Data 1.639e-02 | Physics 1.667e-01 | Val 1.709e-02 | lr=6.1e-04
Ep 2200 | Total 2.038e-02 | Data 1.602e-02 | Physics 9.895e-02 | Val 1.601e-02 | lr=6.0e-04
Ep 2250 | Total 2.092e-02 | Data 1.617e-02 | Physics 1.055e-01 | Val 1.644e-02 | lr=5.8e-04
Ep 2300 | Total 2.076e-02 | Data 1.608e-02 | Physics 1.018e-01 | Val 1.615e-02 | lr=5.7e-04
Ep 2350 | Total 2.100e-02 | Data 1.593e-02 | Physics 1.079e-01 | Val 1.602e-02 | lr=5.5e-04
Ep 2400 | Total 2.028e-02 | Data 1.564e-02 | Physics 9.657e-02 | Val 1.571e-02 | lr=5.4e-04
Ep 2450 | Total 2.057e-02 | Data 1.573e-02 | Physics 9.872e-02 | Val 1.582e-02 | lr=5.2e-04
Ep 2500 | Total 2.076e-02 | Data 1.610e-02 | Physics 9.314e-02 | Val 1.625e-02 | lr=5.0e-04
Ep 2550 | Total 2.112e-02 | Data 1.595e-02 | Physics 1.033e-01 | Val 1.592e-02 | lr=4.9e-04
Ep 2600 | Total 2.719e-02 | Data 1.638e-02 | Physics 2.160e-01 | Val 1.687e-02 | lr=4.7e-04
Ep 2650 | Total 2.164e-02 | Data 1.662e-02 | Physics 1.005e-01 | Val 1.655e-02 | lr=4.6e-04
Ep 2700 | Total 2.091e-02 | Data 1.602e-02 | Physics 9.776e-02 | Val 1.605e-02 | lr=4.4e-04
Ep 2750 | Total 2.163e-02 | Data 1.586e-02 | Physics 1.153e-01 | Val 1.596e-02 | lr=4.3e-04
Ep 2800 | Total 2.197e-02 | Data 1.610e-02 | Physics 1.174e-01 | Val 1.616e-02 | lr=4.1e-04
Ep 2850 | Total 2.196e-02 | Data 1.605e-02 | Physics 1.182e-01 | Val 1.601e-02 | lr=4.0e-04
Ep 2900 | Total 2.220e-02 | Data 1.604e-02 | Physics 1.232e-01 | Val 1.599e-02 | lr=3.8e-04
Ep 2950 | Total 2.174e-02 | Data 1.624e-02 | Physics 1.100e-01 | Val 1.615e-02 | lr=3.7e-04
Ep 3000 | Total 2.132e-02 | Data 1.606e-02 | Physics 1.052e-01 | Val 1.609e-02 | lr=3.5e-04
Ep 3050 | Total 2.113e-02 | Data 1.598e-02 | Physics 1.030e-01 | Val 1.603e-02 | lr=3.4e-04
Ep 3100 | Total 2.191e-02 | Data 1.580e-02 | Physics 1.221e-01 | Val 1.594e-02 | lr=3.2e-04
Ep 3150 | Total 2.086e-02 | Data 1.587e-02 | Physics 9.978e-02 | Val 1.589e-02 | lr=3.1e-04
Ep 3200 | Total 2.089e-02 | Data 1.593e-02 | Physics 9.910e-02 | Val 1.590e-02 | lr=2.9e-04
Ep 3250 | Total 2.126e-02 | Data 1.623e-02 | Physics 1.006e-01 | Val 1.620e-02 | lr=2.8e-04
Ep 3300 | Total 2.081e-02 | Data 1.575e-02 | Physics 1.012e-01 | Val 1.571e-02 | lr=2.7e-04
Ep 3350 | Total 2.093e-02 | Data 1.572e-02 | Physics 1.040e-01 | Val 1.569e-02 | lr=2.5e-04
Ep 3400 | Total 2.055e-02 | Data 1.559e-02 | Physics 9.909e-02 | Val 1.565e-02 | lr=2.4e-04
Ep 3450 | Total 2.052e-02 | Data 1.558e-02 | Physics 9.870e-02 | Val 1.566e-02 | lr=2.3e-04
Ep 3500 | Total 2.019e-02 | Data 1.542e-02 | Physics 9.543e-02 | Val 1.543e-02 | lr=2.1e-04
Ep 3550 | Total 2.085e-02 | Data 1.564e-02 | Physics 1.043e-01 | Val 1.573e-02 | lr=2.0e-04
Ep 3600 | Total 2.070e-02 | Data 1.565e-02 | Physics 1.009e-01 | Val 1.569e-02 | lr=1.9e-04
Ep 3650 | Total 2.073e-02 | Data 1.560e-02 | Physics 1.027e-01 | Val 1.563e-02 | lr=1.8e-04
Ep 3700 | Total 2.051e-02 | Data 1.558e-02 | Physics 9.847e-02 | Val 1.557e-02 | lr=1.7e-04
Ep 3750 | Total 2.053e-02 | Data 1.550e-02 | Physics 1.005e-01 | Val 1.552e-02 | lr=1.5e-04
Ep 3800 | Total 2.012e-02 | Data 1.553e-02 | Physics 9.171e-02 | Val 1.555e-02 | lr=1.4e-04
Ep 3850 | Total 1.990e-02 | Data 1.545e-02 | Physics 8.890e-02 | Val 1.548e-02 | lr=1.3e-04
Ep 3900 | Total 2.048e-02 | Data 1.540e-02 | Physics 1.018e-01 | Val 1.543e-02 | lr=1.2e-04
Ep 3950 | Total 2.015e-02 | Data 1.554e-02 | Physics 9.219e-02 | Val 1.553e-02 | lr=1.1e-04
Ep 4000 | Total 2.056e-02 | Data 1.540e-02 | Physics 1.032e-01 | Val 1.540e-02 | lr=1.0e-04
Ep 4050 | Total 2.061e-02 | Data 1.545e-02 | Physics 1.032e-01 | Val 1.545e-02 | lr=9.5e-05
Ep 4100 | Total 2.016e-02 | Data 1.519e-02 | Physics 9.936e-02 | Val 1.519e-02 | lr=8.7e-05
Ep 4150 | Total 1.998e-02 | Data 1.515e-02 | Physics 9.672e-02 | Val 1.517e-02 | lr=7.9e-05
Ep 4200 | Total 1.985e-02 | Data 1.506e-02 | Physics 9.583e-02 | Val 1.509e-02 | lr=7.1e-05
Ep 4250 | Total 2.004e-02 | Data 1.501e-02 | Physics 1.007e-01 | Val 1.505e-02 | lr=6.4e-05
Ep 4300 | Total 1.949e-02 | Data 1.487e-02 | Physics 9.243e-02 | Val 1.491e-02 | lr=5.7e-05
Ep 4350 | Total 1.952e-02 | Data 1.489e-02 | Physics 9.268e-02 | Val 1.491e-02 | lr=5.1e-05
Ep 4400 | Total 1.962e-02 | Data 1.487e-02 | Physics 9.501e-02 | Val 1.489e-02 | lr=4.5e-05
Ep 4450 | Total 1.952e-02 | Data 1.499e-02 | Physics 9.058e-02 | Val 1.499e-02 | lr=3.9e-05
Ep 4500 | Total 1.951e-02 | Data 1.497e-02 | Physics 9.090e-02 | Val 1.500e-02 | lr=3.4e-05
Ep 4550 | Total 1.941e-02 | Data 1.487e-02 | Physics 9.074e-02 | Val 1.491e-02 | lr=3.0e-05
Ep 4600 | Total 1.923e-02 | Data 1.486e-02 | Physics 8.740e-02 | Val 1.489e-02 | lr=2.5e-05
Ep 4650 | Total 1.920e-02 | Data 1.484e-02 | Physics 8.702e-02 | Val 1.487e-02 | lr=2.2e-05
Ep 4700 | Total 1.922e-02 | Data 1.481e-02 | Physics 8.822e-02 | Val 1.483e-02 | lr=1.9e-05
Ep 4750 | Total 1.929e-02 | Data 1.482e-02 | Physics 8.957e-02 | Val 1.483e-02 | lr=1.6e-05
Ep 4800 | Total 1.917e-02 | Data 1.480e-02 | Physics 8.741e-02 | Val 1.482e-02 | lr=1.4e-05
Ep 4850 | Total 1.899e-02 | Data 1.477e-02 | Physics 8.432e-02 | Val 1.478e-02 | lr=1.2e-05
Ep 4900 | Total 1.905e-02 | Data 1.473e-02 | Physics 8.652e-02 | Val 1.475e-02 | lr=1.1e-05
Ep 4950 | Total 1.919e-02 | Data 1.480e-02 | Physics 8.778e-02 | Val 1.481e-02 | lr=1.0e-05
Ep 4999 | Total 1.921e-02 | Data 1.477e-02 | Physics 8.884e-02 | Val 1.478e-02 | lr=1.0e-05
  Restored best weights: epoch 300 (val 1.205e-02; init 4.298e-01); alive units/layer [284, 225, 228, 197, 196, 167, 180]

Fine-tuned checkpoint saved: /Users/arnavpatil/Documents/JetEngineSimulation/models/le_pinn_sajben_v5_a2.pt
======================================================================

Epochs run: 5000  final data loss 1.477e-02  best val 1.205e-02  min alive units 123
Next: python scripts/validation/sajben_validation.py --model /Users/arnavpatil/Documents/JetEngineSimulation/models/le_pinn_sajben_v5_a2.pt
attempt2 exit=0
