Dataset validation passed:
  Resolved path: /Users/arnavpatil/Documents/JetEngineSimulation/data/processed/sajben_wind_dataset.pt
  Inputs shape : torch.Size([4080, 6])
  Targets shape: torch.Size([4080, 9])
  Split        : train=data/raw/cfd_datasets/nasa/transdif01/sajben.cfl (4080 rows), eval=data/raw/data.Mach46.txt (rows in train: 0)
  Attempt      : P4.3-attempt-3-dataonly  (seed 42, epochs 5000, lr 0.001, physics 0.0, data weight 1.0, physics warm-up over first 50 % of epochs)
  Geometry mode: planar (Sajben 2D diffuser)

======================================================================
LE-PINN FINE-TUNING ON CFD DATA
======================================================================
  Dataset : /Users/arnavpatil/Documents/JetEngineSimulation/data/processed/sajben_wind_dataset.pt
  Train/Val: 3264 / 816   Epochs: 5000   LR: 0.001
  Physics weight: 0.0
  Normalisers: fitted on training split
  Init: val loss 3.987e-01; alive ReLU units/layer [400, 400, 400, 400, 400, 400, 400]; output spread ['4.43e-02', '2.76e-01', '6.99e-02', '4.22e-02', '1.00e-01']
======================================================================
Ep    0 | Total 4.003e-01 | Data 4.003e-01 | Physics 0.000e+00 | Val 2.280e-01 | lr=1.0e-03
Ep   50 | Total 4.790e-02 | Data 4.790e-02 | Physics 0.000e+00 | Val 4.578e-02 | lr=1.0e-03
Ep  100 | Total 4.753e-02 | Data 4.753e-02 | Physics 0.000e+00 | Val 4.553e-02 | lr=1.0e-03
Ep  150 | Total 4.749e-02 | Data 4.749e-02 | Physics 0.000e+00 | Val 4.551e-02 | lr=1.0e-03
Ep  200 | Total 4.735e-02 | Data 4.735e-02 | Physics 0.000e+00 | Val 4.536e-02 | lr=1.0e-03
Ep  250 | Total 4.746e-02 | Data 4.746e-02 | Physics 0.000e+00 | Val 4.557e-02 | lr=9.9e-04
Ep  300 | Total 5.221e-02 | Data 5.221e-02 | Physics 0.000e+00 | Val 4.817e-02 | lr=9.9e-04
Ep  350 | Total 4.280e-02 | Data 4.280e-02 | Physics 0.000e+00 | Val 4.007e-02 | lr=9.9e-04
Ep  400 | Total 3.753e-02 | Data 3.753e-02 | Physics 0.000e+00 | Val 3.571e-02 | lr=9.8e-04
Ep  450 | Total 3.713e-02 | Data 3.713e-02 | Physics 0.000e+00 | Val 3.544e-02 | lr=9.8e-04
Ep  500 | Total 3.705e-02 | Data 3.705e-02 | Physics 0.000e+00 | Val 3.535e-02 | lr=9.8e-04
Ep  550 | Total 3.690e-02 | Data 3.690e-02 | Physics 0.000e+00 | Val 3.519e-02 | lr=9.7e-04
Ep  600 | Total 3.809e-02 | Data 3.809e-02 | Physics 0.000e+00 | Val 3.601e-02 | lr=9.7e-04
Ep  650 | Total 3.625e-02 | Data 3.625e-02 | Physics 0.000e+00 | Val 3.448e-02 | lr=9.6e-04
Ep  700 | Total 3.416e-02 | Data 3.416e-02 | Physics 0.000e+00 | Val 3.482e-02 | lr=9.5e-04
Ep  750 | Total 3.827e-02 | Data 3.827e-02 | Physics 0.000e+00 | Val 3.540e-02 | lr=9.5e-04
Ep  800 | Total 2.936e-02 | Data 2.936e-02 | Physics 0.000e+00 | Val 5.029e-02 | lr=9.4e-04
Ep  850 | Total 2.962e-02 | Data 2.962e-02 | Physics 0.000e+00 | Val 2.715e-02 | lr=9.3e-04
Ep  900 | Total 1.296e-02 | Data 1.296e-02 | Physics 0.000e+00 | Val 1.464e-02 | lr=9.2e-04
Ep  950 | Total 9.869e-03 | Data 9.869e-03 | Physics 0.000e+00 | Val 1.063e-02 | lr=9.1e-04
Ep 1000 | Total 9.109e-03 | Data 9.109e-03 | Physics 0.000e+00 | Val 9.751e-03 | lr=9.1e-04
Ep 1050 | Total 1.012e-02 | Data 1.012e-02 | Physics 0.000e+00 | Val 1.007e-02 | lr=9.0e-04
Ep 1100 | Total 8.157e-03 | Data 8.157e-03 | Physics 0.000e+00 | Val 8.883e-03 | lr=8.9e-04
Ep 1150 | Total 1.007e-02 | Data 1.007e-02 | Physics 0.000e+00 | Val 1.151e-02 | lr=8.8e-04
Ep 1200 | Total 6.286e-03 | Data 6.286e-03 | Physics 0.000e+00 | Val 6.651e-03 | lr=8.7e-04
Ep 1250 | Total 5.346e-03 | Data 5.346e-03 | Physics 0.000e+00 | Val 5.375e-03 | lr=8.5e-04
Ep 1300 | Total 4.849e-03 | Data 4.849e-03 | Physics 0.000e+00 | Val 4.732e-03 | lr=8.4e-04
Ep 1350 | Total 5.293e-03 | Data 5.293e-03 | Physics 0.000e+00 | Val 5.254e-03 | lr=8.3e-04
Ep 1400 | Total 1.248e-02 | Data 1.248e-02 | Physics 0.000e+00 | Val 1.844e-02 | lr=8.2e-04
Ep 1450 | Total 3.831e-03 | Data 3.831e-03 | Physics 0.000e+00 | Val 3.873e-03 | lr=8.1e-04
Ep 1500 | Total 3.831e-03 | Data 3.831e-03 | Physics 0.000e+00 | Val 4.187e-03 | lr=8.0e-04
Ep 1550 | Total 3.712e-03 | Data 3.712e-03 | Physics 0.000e+00 | Val 3.796e-03 | lr=7.8e-04
Ep 1600 | Total 4.246e-03 | Data 4.246e-03 | Physics 0.000e+00 | Val 4.227e-03 | lr=7.7e-04
Ep 1650 | Total 3.799e-03 | Data 3.799e-03 | Physics 0.000e+00 | Val 3.305e-03 | lr=7.6e-04
Ep 1700 | Total 3.603e-03 | Data 3.603e-03 | Physics 0.000e+00 | Val 3.855e-03 | lr=7.4e-04
Ep 1750 | Total 3.925e-03 | Data 3.925e-03 | Physics 0.000e+00 | Val 4.117e-03 | lr=7.3e-04
Ep 1800 | Total 2.898e-03 | Data 2.898e-03 | Physics 0.000e+00 | Val 2.739e-03 | lr=7.2e-04
Ep 1850 | Total 3.527e-03 | Data 3.527e-03 | Physics 0.000e+00 | Val 3.527e-03 | lr=7.0e-04
Ep 1900 | Total 3.419e-03 | Data 3.419e-03 | Physics 0.000e+00 | Val 4.563e-03 | lr=6.9e-04
Ep 1950 | Total 3.728e-03 | Data 3.728e-03 | Physics 0.000e+00 | Val 4.573e-03 | lr=6.7e-04
Ep 2000 | Total 3.687e-03 | Data 3.687e-03 | Physics 0.000e+00 | Val 2.860e-03 | lr=6.6e-04
Ep 2050 | Total 2.574e-03 | Data 2.574e-03 | Physics 0.000e+00 | Val 2.390e-03 | lr=6.4e-04
Ep 2100 | Total 2.845e-03 | Data 2.845e-03 | Physics 0.000e+00 | Val 3.286e-03 | lr=6.3e-04
Ep 2150 | Total 2.936e-03 | Data 2.936e-03 | Physics 0.000e+00 | Val 3.041e-03 | lr=6.1e-04
Ep 2200 | Total 2.647e-03 | Data 2.647e-03 | Physics 0.000e+00 | Val 2.474e-03 | lr=6.0e-04
Ep 2250 | Total 2.337e-03 | Data 2.337e-03 | Physics 0.000e+00 | Val 2.390e-03 | lr=5.8e-04
Ep 2300 | Total 2.574e-03 | Data 2.574e-03 | Physics 0.000e+00 | Val 2.825e-03 | lr=5.7e-04
Ep 2350 | Total 4.281e-03 | Data 4.281e-03 | Physics 0.000e+00 | Val 4.039e-03 | lr=5.5e-04
Ep 2400 | Total 2.326e-03 | Data 2.326e-03 | Physics 0.000e+00 | Val 2.078e-03 | lr=5.4e-04
Ep 2450 | Total 2.629e-03 | Data 2.629e-03 | Physics 0.000e+00 | Val 2.301e-03 | lr=5.2e-04
Ep 2500 | Total 4.484e-03 | Data 4.484e-03 | Physics 0.000e+00 | Val 4.295e-03 | lr=5.0e-04
Ep 2550 | Total 2.233e-03 | Data 2.233e-03 | Physics 0.000e+00 | Val 2.440e-03 | lr=4.9e-04
Ep 2600 | Total 2.468e-03 | Data 2.468e-03 | Physics 0.000e+00 | Val 2.166e-03 | lr=4.7e-04
Ep 2650 | Total 2.377e-03 | Data 2.377e-03 | Physics 0.000e+00 | Val 2.000e-03 | lr=4.6e-04
Ep 2700 | Total 2.207e-03 | Data 2.207e-03 | Physics 0.000e+00 | Val 2.073e-03 | lr=4.4e-04
Ep 2750 | Total 2.123e-03 | Data 2.123e-03 | Physics 0.000e+00 | Val 2.227e-03 | lr=4.3e-04
Ep 2800 | Total 2.083e-03 | Data 2.083e-03 | Physics 0.000e+00 | Val 1.882e-03 | lr=4.1e-04
Ep 2850 | Total 1.950e-03 | Data 1.950e-03 | Physics 0.000e+00 | Val 1.849e-03 | lr=4.0e-04
Ep 2900 | Total 1.887e-03 | Data 1.887e-03 | Physics 0.000e+00 | Val 1.723e-03 | lr=3.8e-04
Ep 2950 | Total 1.924e-03 | Data 1.924e-03 | Physics 0.000e+00 | Val 1.743e-03 | lr=3.7e-04
Ep 3000 | Total 1.814e-03 | Data 1.814e-03 | Physics 0.000e+00 | Val 1.666e-03 | lr=3.5e-04
Ep 3050 | Total 1.787e-03 | Data 1.787e-03 | Physics 0.000e+00 | Val 1.926e-03 | lr=3.4e-04
Ep 3100 | Total 1.753e-03 | Data 1.753e-03 | Physics 0.000e+00 | Val 1.599e-03 | lr=3.2e-04
Ep 3150 | Total 1.808e-03 | Data 1.808e-03 | Physics 0.000e+00 | Val 1.645e-03 | lr=3.1e-04
Ep 3200 | Total 1.653e-03 | Data 1.653e-03 | Physics 0.000e+00 | Val 1.556e-03 | lr=2.9e-04
Ep 3250 | Total 1.657e-03 | Data 1.657e-03 | Physics 0.000e+00 | Val 1.554e-03 | lr=2.8e-04
Ep 3300 | Total 1.599e-03 | Data 1.599e-03 | Physics 0.000e+00 | Val 1.477e-03 | lr=2.7e-04
Ep 3350 | Total 1.589e-03 | Data 1.589e-03 | Physics 0.000e+00 | Val 1.490e-03 | lr=2.5e-04
Ep 3400 | Total 1.525e-03 | Data 1.525e-03 | Physics 0.000e+00 | Val 1.421e-03 | lr=2.4e-04
Ep 3450 | Total 1.539e-03 | Data 1.539e-03 | Physics 0.000e+00 | Val 1.429e-03 | lr=2.3e-04
Ep 3500 | Total 1.493e-03 | Data 1.493e-03 | Physics 0.000e+00 | Val 1.387e-03 | lr=2.1e-04
Ep 3550 | Total 1.477e-03 | Data 1.477e-03 | Physics 0.000e+00 | Val 1.372e-03 | lr=2.0e-04
Ep 3600 | Total 1.444e-03 | Data 1.444e-03 | Physics 0.000e+00 | Val 1.352e-03 | lr=1.9e-04
Ep 3650 | Total 1.416e-03 | Data 1.416e-03 | Physics 0.000e+00 | Val 1.333e-03 | lr=1.8e-04
Ep 3700 | Total 1.410e-03 | Data 1.410e-03 | Physics 0.000e+00 | Val 1.334e-03 | lr=1.7e-04
Ep 3750 | Total 1.386e-03 | Data 1.386e-03 | Physics 0.000e+00 | Val 1.305e-03 | lr=1.5e-04
Ep 3800 | Total 1.372e-03 | Data 1.372e-03 | Physics 0.000e+00 | Val 1.293e-03 | lr=1.4e-04
Ep 3850 | Total 1.359e-03 | Data 1.359e-03 | Physics 0.000e+00 | Val 1.282e-03 | lr=1.3e-04
Ep 3900 | Total 1.347e-03 | Data 1.347e-03 | Physics 0.000e+00 | Val 1.271e-03 | lr=1.2e-04
Ep 3950 | Total 1.335e-03 | Data 1.335e-03 | Physics 0.000e+00 | Val 1.261e-03 | lr=1.1e-04
Ep 4000 | Total 1.325e-03 | Data 1.325e-03 | Physics 0.000e+00 | Val 1.252e-03 | lr=1.0e-04
Ep 4050 | Total 1.315e-03 | Data 1.315e-03 | Physics 0.000e+00 | Val 1.243e-03 | lr=9.5e-05
Ep 4100 | Total 1.306e-03 | Data 1.306e-03 | Physics 0.000e+00 | Val 1.235e-03 | lr=8.7e-05
Ep 4150 | Total 1.298e-03 | Data 1.298e-03 | Physics 0.000e+00 | Val 1.227e-03 | lr=7.9e-05
Ep 4200 | Total 1.290e-03 | Data 1.290e-03 | Physics 0.000e+00 | Val 1.221e-03 | lr=7.1e-05
Ep 4250 | Total 1.283e-03 | Data 1.283e-03 | Physics 0.000e+00 | Val 1.214e-03 | lr=6.4e-05
Ep 4300 | Total 1.277e-03 | Data 1.277e-03 | Physics 0.000e+00 | Val 1.209e-03 | lr=5.7e-05
Ep 4350 | Total 1.271e-03 | Data 1.271e-03 | Physics 0.000e+00 | Val 1.203e-03 | lr=5.1e-05
Ep 4400 | Total 1.266e-03 | Data 1.266e-03 | Physics 0.000e+00 | Val 1.199e-03 | lr=4.5e-05
Ep 4450 | Total 1.261e-03 | Data 1.261e-03 | Physics 0.000e+00 | Val 1.195e-03 | lr=3.9e-05
Ep 4500 | Total 1.257e-03 | Data 1.257e-03 | Physics 0.000e+00 | Val 1.191e-03 | lr=3.4e-05
Ep 4550 | Total 1.253e-03 | Data 1.253e-03 | Physics 0.000e+00 | Val 1.188e-03 | lr=3.0e-05
Ep 4600 | Total 1.250e-03 | Data 1.250e-03 | Physics 0.000e+00 | Val 1.185e-03 | lr=2.5e-05
Ep 4650 | Total 1.247e-03 | Data 1.247e-03 | Physics 0.000e+00 | Val 1.182e-03 | lr=2.2e-05
Ep 4700 | Total 1.244e-03 | Data 1.244e-03 | Physics 0.000e+00 | Val 1.180e-03 | lr=1.9e-05
Ep 4750 | Total 1.242e-03 | Data 1.242e-03 | Physics 0.000e+00 | Val 1.178e-03 | lr=1.6e-05
Ep 4800 | Total 1.240e-03 | Data 1.240e-03 | Physics 0.000e+00 | Val 1.176e-03 | lr=1.4e-05
Ep 4850 | Total 1.238e-03 | Data 1.238e-03 | Physics 0.000e+00 | Val 1.175e-03 | lr=1.2e-05
Ep 4900 | Total 1.237e-03 | Data 1.237e-03 | Physics 0.000e+00 | Val 1.174e-03 | lr=1.1e-05
Ep 4950 | Total 1.235e-03 | Data 1.235e-03 | Physics 0.000e+00 | Val 1.172e-03 | lr=1.0e-05
Ep 4999 | Total 1.234e-03 | Data 1.234e-03 | Physics 0.000e+00 | Val 1.171e-03 | lr=1.0e-05
  Restored best weights: epoch 4999 (val 1.171e-03; init 3.987e-01); alive units/layer [400, 400, 400, 400, 400, 400, 400]

Fine-tuned checkpoint saved: /Users/arnavpatil/Documents/JetEngineSimulation/models/le_pinn_sajben_v5_a3_dataonly_s42.pt
======================================================================

Epochs run: 5000  final data loss 1.234e-03  best val 1.171e-03  min alive units 400
Next: python scripts/validation/sajben_validation.py --model /Users/arnavpatil/Documents/JetEngineSimulation/models/le_pinn_sajben_v5_a3_dataonly_s42.pt
exit=0
