Registered attempt: P4.4-attempt-2 (path error: relative, 6000 epochs, lr 0.001, seed 42) -> models/turbine_pinn_v5_a2.pt
========================================================================
P4.4  TURBINE SURROGATE — claim: surrogate of the analytic work-consistent expansion
========================================================================
[1/4] Envelope loaded: 720 conditions from turbine_envelope_v5.csv
[2/4] Split: 22 training models / 6 held-out models ['Trent 1000-A', 'Trent 1000-D3', 'Trent 1000-E', 'Trent 1000-G2', 'Trent 1000-L2', 'Trent 1000-P3']
[3/4] Training (6000 epochs, lr 0.001, seed 42, cpu) ...
  Ep    0 | total 8.228e+00 | path 6.974e+00 | eos 2.305e-01 | mono 1.433e-01 | work 2.018e+00 | lr 1.0e-03
  Ep  250 | total 1.445e-02 | path 1.292e-02 | eos 1.982e-04 | mono 0.000e+00 | work 2.653e-03 | lr 1.0e-03
  Ep  500 | total 5.608e-03 | path 5.159e-03 | eos 7.611e-05 | mono 0.000e+00 | work 7.454e-04 | lr 1.0e-03
  Ep  750 | total 4.612e-03 | path 4.433e-03 | eos 7.124e-05 | mono 0.000e+00 | work 2.153e-04 | lr 1.0e-03
  Ep 1000 | total 4.262e-03 | path 4.170e-03 | eos 7.015e-05 | mono 0.000e+00 | work 4.379e-05 | lr 1.0e-03
  Ep 1250 | total 3.971e-03 | path 3.902e-03 | eos 6.520e-05 | mono 0.000e+00 | work 7.142e-06 | lr 1.0e-03
  Ep 1500 | total 3.679e-03 | path 3.622e-03 | eos 5.627e-05 | mono 0.000e+00 | work 1.631e-06 | lr 1.0e-03
  Ep 1750 | total 3.389e-03 | path 3.340e-03 | eos 4.833e-05 | mono 0.000e+00 | work 8.753e-07 | lr 1.0e-03
  Ep 2000 | total 3.109e-03 | path 3.067e-03 | eos 4.100e-05 | mono 0.000e+00 | work 9.213e-07 | lr 1.0e-03
  Ep 2250 | total 2.837e-03 | path 2.802e-03 | eos 3.475e-05 | mono 0.000e+00 | work 1.319e-06 | lr 1.0e-03
  Ep 2500 | total 2.615e-03 | path 2.582e-03 | eos 3.230e-05 | mono 0.000e+00 | work 6.215e-07 | lr 1.0e-03
  Ep 2750 | total 2.332e-03 | path 2.305e-03 | eos 2.597e-05 | mono 0.000e+00 | work 2.079e-06 | lr 1.0e-03
  Ep 3000 | total 2.114e-03 | path 2.089e-03 | eos 2.329e-05 | mono 0.000e+00 | work 2.515e-06 | lr 1.0e-03
  Ep 3250 | total 1.898e-03 | path 1.876e-03 | eos 2.083e-05 | mono 0.000e+00 | work 2.843e-06 | lr 1.0e-03
  Ep 3500 | total 1.719e-03 | path 1.696e-03 | eos 1.888e-05 | mono 0.000e+00 | work 7.102e-06 | lr 1.0e-03
  Ep 3750 | total 1.449e-03 | path 1.431e-03 | eos 1.533e-05 | mono 0.000e+00 | work 6.184e-06 | lr 1.0e-03
  Ep 4000 | total 1.218e-03 | path 1.204e-03 | eos 1.219e-05 | mono 0.000e+00 | work 3.044e-06 | lr 1.0e-03
  Ep 4250 | total 9.758e-04 | path 9.651e-04 | eos 9.206e-06 | mono 0.000e+00 | work 2.930e-06 | lr 1.0e-03
  Ep 4500 | total 7.908e-04 | path 7.539e-04 | eos 7.055e-06 | mono 0.000e+00 | work 5.961e-05 | lr 1.0e-03
  Ep 4750 | total 5.631e-04 | path 5.563e-04 | eos 4.876e-06 | mono 0.000e+00 | work 3.841e-06 | lr 1.0e-03
  Ep 5000 | total 4.124e-04 | path 4.067e-04 | eos 3.627e-06 | mono 0.000e+00 | work 4.160e-06 | lr 1.0e-03
  Ep 5250 | total 3.178e-04 | path 3.129e-04 | eos 3.143e-06 | mono 0.000e+00 | work 3.446e-06 | lr 1.0e-03
  Ep 5500 | total 1.016e-03 | path 3.993e-04 | eos 9.934e-06 | mono 0.000e+00 | work 1.213e-03 | lr 1.0e-03
  Ep 5750 | total 2.136e-04 | path 2.095e-04 | eos 2.704e-06 | mono 0.000e+00 | work 2.845e-06 | lr 1.0e-03
  Ep 5999 | total 2.260e-04 | path 2.193e-04 | eos 2.732e-06 | mono 0.000e+00 | work 7.947e-06 | lr 1.0e-03
      saved models/turbine_pinn_v5_a2.pt
[4/4] Scoring the pre-registered gate ...
✓ Loaded Cantera mechanism: data/creck_c1c16_full.yaml
  Species count: 492
✓ Loaded CRECK mechanism for blend comparisons
[OK] Loaded ICAO emissions data: 180 records
[OK] NOx correlation fitted (ICAO databank):
  EI_NOx = 9.8214 × OPR^0.2070 × ṁ_fuel^0.9506
  fit set: 180 records / 28 engine models
  in-sample R² = 0.9969  <- TRAINING DIAGNOSTIC, NOT VALIDATION
  no fuel-composition dependence: cannot rank blends on NOx
✓ CO Model Calibrated:
  k = 2844.33 [g/kg per unit inefficiency²]
  Reference: 7.11 g/kg at η=95.0% (IDLE)
✓ IntegratedTurbofanEngine initialized successfully

✓ Loaded Cantera mechanism: data/creck_c1c16_full.yaml
  Species count: 492
✓ Loaded CRECK mechanism for blend comparisons
[OK] Loaded ICAO emissions data: 180 records
[OK] NOx correlation fitted (ICAO databank):
  EI_NOx = 9.8214 × OPR^0.2070 × ṁ_fuel^0.9506
  fit set: 180 records / 28 engine models
  in-sample R² = 0.9969  <- TRAINING DIAGNOSTIC, NOT VALIDATION
  no fuel-composition dependence: cannot rank blends on NOx
✓ CO Model Calibrated:
  k = 2844.33 [g/kg per unit inefficiency²]
  Reference: 7.11 g/kg at η=95.0% (IDLE)
✓ IntegratedTurbofanEngine initialized successfully

  held-out p5 max |err| 6.390 %, raw T5 max |err| 0.262 %  (gate 1 %)
  cycle thrust max |err| 0.551 %, TSFC max |err| 0.548 %  (gate 1 %)
  VERDICT: GATE MISSED — retire the turbine PINN to an appendix; production stays analytic
  outputs/turbine_surrogate_v5_a2.md
exit=0
