W_ref i=8 value=100 sse=0.00143941 nfev=6
W_ref i=9 value=105 sse=0.00127994 nfev=8
W_ref i=10 value=110 sse=0.00531136 nfev=9
W_ref i=11 value=115 sse=0.00938223 nfev=10
W_ref i=12 value=120 sse=0.0114528 nfev=17
W_ref i=13 value=125 sse=0.0109262 nfev=30
W_ref i=14 value=130 sse=0.153774 nfev=8
W_ref i=15 value=135 sse=0.334916 nfev=7
W_ref i=16 value=140 sse=0.336052 nfev=6
W_ref i=7 value=95 sse=0.0134951 nfev=13
W_ref i=6 value=90 sse=0.0879695 nfev=26
W_ref i=5 value=85 sse=0.333719 nfev=10
W_ref i=4 value=80 sse=0.337865 nfev=6
W_ref i=3 value=75 sse=0.348916 nfev=11
W_ref i=2 value=70 sse=0.359589 nfev=37
W_ref i=1 value=65 sse=0.376423 nfev=35
W_ref i=0 value=60 sse=0.409701 nfev=28
a_thrust i=9 value=1.125 sse=0.000467034 nfev=6
a_thrust i=10 value=1.25 sse=0.00105053 nfev=4
a_thrust i=11 value=1.375 sse=0.00259651 nfev=5
a_thrust i=12 value=1.5 sse=0.00506349 nfev=6
a_thrust i=13 value=1.625 sse=0.00828265 nfev=7
a_thrust i=14 value=1.75 sse=0.0119221 nfev=9
a_thrust i=15 value=1.875 sse=0.0154388 nfev=11
a_thrust i=16 value=2 sse=0.017988 nfev=23
a_thrust i=8 value=1 sse=0.000784748 nfev=7
a_thrust i=7 value=0.875 sse=0.00185731 nfev=9
a_thrust i=6 value=0.75 sse=0.00346702 nfev=7
a_thrust i=5 value=0.625 sse=0.00533696 nfev=8
a_thrust i=4 value=0.5 sse=0.00715005 nfev=9
a_thrust i=3 value=0.375 sse=0.00860372 nfev=11
a_thrust i=2 value=0.25 sse=0.00952974 nfev=14
a_thrust i=1 value=0.125 sse=0.0100123 nfev=17
a_thrust i=0 value=0 sse=0.083802 nfev=11
k_pi i=14 value=1.3375 sse=0.000467984 nfev=5
k_pi i=15 value=1.41875 sse=0.000897407 nfev=7
k_pi i=16 value=1.5 sse=0.00313745 nfev=12
k_pi i=13 value=1.25625 sse=0.000966111 nfev=7
k_pi i=12 value=1.175 sse=0.00198236 nfev=6
k_pi i=11 value=1.09375 sse=0.00326593 nfev=11
k_pi i=10 value=1.0125 sse=0.00464801 nfev=12
k_pi i=9 value=0.93125 sse=0.00601466 nfev=12
k_pi i=8 value=0.85 sse=0.00729309 nfev=13
k_pi i=7 value=0.76875 sse=0.00844219 nfev=15
k_pi i=6 value=0.6875 sse=0.00944414 nfev=16
k_pi i=5 value=0.60625 sse=0.0102967 nfev=17
k_pi i=4 value=0.525 sse=0.0110065 nfev=18
k_pi i=3 value=0.44375 sse=0.0115842 nfev=21
k_pi i=2 value=0.3625 sse=0.0120375 nfev=30
k_pi i=1 value=0.28125 sse=0.00986768 nfev=40
k_pi i=0 value=0.2 sse=0.0100597 nfev=15
k_mdot i=3 value=0.44375 sse=0.000581102 nfev=6
k_mdot i=4 value=0.525 sse=0.00188775 nfev=8
k_mdot i=5 value=0.60625 sse=0.00407065 nfev=9
k_mdot i=6 value=0.6875 sse=0.00650917 nfev=10
k_mdot i=7 value=0.76875 sse=0.00874378 nfev=13
k_mdot i=8 value=0.85 sse=0.0105236 nfev=18
k_mdot i=9 value=0.93125 sse=0.0117628 nfev=34
k_mdot i=10 value=1.0125 sse=0.00993236 nfev=30
k_mdot i=11 value=1.09375 sse=0.35673 nfev=13
k_mdot i=12 value=1.175 sse=0.422565 nfev=20
k_mdot i=13 value=1.25625 sse=0.628416 nfev=14
k_mdot i=14 value=1.3375 sse=0.712143 nfev=15
k_mdot i=15 value=1.41875 sse=0.712143 nfev=15
k_mdot i=16 value=1.5 sse=0.712143 nfev=15
k_mdot i=2 value=0.3625 sse=0.000859317 nfev=6
k_mdot i=1 value=0.28125 sse=0.00352198 nfev=13
k_mdot i=0 value=0.2 sse=0.0103319 nfev=12
