W_ref i=9 value=105 sse=0.000801659 nfev=7 status=2 n_unreachable=0
W_ref i=10 value=110 sse=0.00408916 nfev=9 status=2 n_unreachable=0
W_ref i=11 value=115 sse=0.00776664 nfev=10 status=2 n_unreachable=0
W_ref i=12 value=120 sse=0.00968615 nfev=10 status=2 n_unreachable=0
W_ref i=13 value=125 sse=0.00921018 nfev=17 status=2 n_unreachable=0
W_ref i=14 value=130 sse=0.152669 nfev=12 status=2 n_unreachable=11
W_ref i=15 value=135 sse=0.334416 nfev=7 status=1 n_unreachable=31
W_ref i=16 value=140 sse=0.335329 nfev=6 status=2 n_unreachable=31
W_ref i=8 value=100 sse=0.00225632 nfev=7 status=1 n_unreachable=0
W_ref i=7 value=95 sse=0.0165307 nfev=12 status=4 n_unreachable=0
W_ref i=6 value=90 sse=0.0937894 nfev=26 status=3 n_unreachable=2
W_ref i=5 value=85 sse=0.333821 nfev=10 status=2 n_unreachable=31
W_ref i=4 value=80 sse=0.338218 nfev=7 status=2 n_unreachable=31
W_ref i=3 value=75 sse=0.348976 nfev=17 status=2 n_unreachable=31
W_ref i=2 value=70 sse=0.358408 nfev=25 status=2 n_unreachable=31
W_ref i=1 value=65 sse=0.376741 nfev=32 status=3 n_unreachable=31
W_ref i=0 value=60 sse=0.412586 nfev=32 status=3 n_unreachable=31
a_thrust i=9 value=1.125 sse=0.000463283 nfev=6 status=1 n_unreachable=0
a_thrust i=10 value=1.25 sse=0.00100504 nfev=4 status=1 n_unreachable=0
a_thrust i=11 value=1.375 sse=0.00244899 nfev=5 status=1 n_unreachable=0
a_thrust i=12 value=1.5 sse=0.00474719 nfev=6 status=2 n_unreachable=0
a_thrust i=13 value=1.625 sse=0.00771827 nfev=7 status=2 n_unreachable=0
a_thrust i=14 value=1.75 sse=0.0110084 nfev=9 status=2 n_unreachable=0
a_thrust i=15 value=1.875 sse=0.014035 nfev=17 status=3 n_unreachable=0
a_thrust i=16 value=2 sse=0.0147949 nfev=33 status=3 n_unreachable=0
a_thrust i=8 value=1 sse=0.000764755 nfev=7 status=2 n_unreachable=0
a_thrust i=7 value=0.875 sse=0.00176231 nfev=9 status=2 n_unreachable=0
a_thrust i=6 value=0.75 sse=0.0032351 nfev=7 status=2 n_unreachable=0
a_thrust i=5 value=0.625 sse=0.00490205 nfev=8 status=2 n_unreachable=0
a_thrust i=4 value=0.5 sse=0.00644698 nfev=10 status=2 n_unreachable=0
a_thrust i=3 value=0.375 sse=0.00759364 nfev=11 status=2 n_unreachable=0
a_thrust i=2 value=0.25 sse=0.00824216 nfev=16 status=3 n_unreachable=0
a_thrust i=1 value=0.125 sse=0.00888672 nfev=16 status=3 n_unreachable=0
a_thrust i=0 value=0 sse=0.0825711 nfev=10 status=2 n_unreachable=2
k_pi i=14 value=1.3375 sse=0.000462761 nfev=5 status=2 n_unreachable=0
k_pi i=15 value=1.41875 sse=0.000919546 nfev=7 status=2 n_unreachable=0
k_pi i=16 value=1.5 sse=0.00328739 nfev=14 status=3 n_unreachable=0
k_pi i=13 value=1.25625 sse=0.000936693 nfev=7 status=2 n_unreachable=0
k_pi i=12 value=1.175 sse=0.00191883 nfev=6 status=2 n_unreachable=0
k_pi i=11 value=1.09375 sse=0.00315701 nfev=11 status=3 n_unreachable=0
k_pi i=10 value=1.0125 sse=0.00448324 nfev=12 status=3 n_unreachable=0
k_pi i=9 value=0.93125 sse=0.00578455 nfev=13 status=3 n_unreachable=0
k_pi i=8 value=0.85 sse=0.0069888 nfev=15 status=3 n_unreachable=0
k_pi i=7 value=0.76875 sse=0.00805469 nfev=16 status=3 n_unreachable=0
k_pi i=6 value=0.6875 sse=0.00896286 nfev=17 status=3 n_unreachable=0
k_pi i=5 value=0.60625 sse=0.00970586 nfev=21 status=3 n_unreachable=0
k_pi i=4 value=0.525 sse=0.0102662 nfev=40 status=0 n_unreachable=0
k_pi i=3 value=0.44375 sse=0.00824877 nfev=30 status=3 n_unreachable=0
k_pi i=2 value=0.3625 sse=0.00815612 nfev=15 status=3 n_unreachable=0
k_pi i=1 value=0.28125 sse=0.0234122 nfev=13 status=3 n_unreachable=0
k_pi i=0 value=0.2 sse=0.0263421 nfev=19 status=3 n_unreachable=1
k_mdot i=3 value=0.44375 sse=0.000572355 nfev=6 status=2 n_unreachable=0
k_mdot i=4 value=0.525 sse=0.00182202 nfev=8 status=2 n_unreachable=0
k_mdot i=5 value=0.60625 sse=0.00389789 nfev=9 status=2 n_unreachable=0
k_mdot i=6 value=0.6875 sse=0.00618899 nfev=11 status=2 n_unreachable=0
k_mdot i=7 value=0.76875 sse=0.00823804 nfev=14 status=2 n_unreachable=0
k_mdot i=8 value=0.85 sse=0.00976285 nfev=31 status=2 n_unreachable=0
k_mdot i=9 value=0.93125 sse=0.00835544 nfev=23 status=3 n_unreachable=0
k_mdot i=10 value=1.0125 sse=0.0854001 nfev=15 status=3 n_unreachable=6
k_mdot i=11 value=1.09375 sse=0.438213 nfev=14 status=3 n_unreachable=37
k_mdot i=12 value=1.175 sse=0.497925 nfev=16 status=3 n_unreachable=38
k_mdot i=13 value=1.25625 sse=0.68491 nfev=16 status=3 n_unreachable=45
k_mdot i=14 value=1.3375 sse=0.764797 nfev=14 status=3 n_unreachable=69
k_mdot i=15 value=1.41875 sse=0.764797 nfev=13 status=3 n_unreachable=69
k_mdot i=16 value=1.5 sse=0.764797 nfev=13 status=3 n_unreachable=69
k_mdot i=2 value=0.3625 sse=0.000845976 nfev=6 status=2 n_unreachable=0
k_mdot i=1 value=0.28125 sse=0.0034287 nfev=9 status=4 n_unreachable=0
k_mdot i=0 value=0.2 sse=0.0098084 nfev=5 status=2 n_unreachable=0
